 FileTool

 Timestamp is 5655c3de (Wed Nov 25 22:21:18 2015)

 Preferred load address is 10000000

 Start         Length     Name                   Class
 0001:00000000 00008fa4H .text                   CODE
 0001:00008fb0 00000503H .text$x                 CODE
 0002:00000000 00000c10H .rdata                  DATA
 0002:00000c10 000000c4H .rdata$r                DATA
 0002:00000cd8 00000688H .xdata$x                DATA
 0002:00001360 000000a5H .edata                  DATA
 0003:00000000 00000004H .CRT$XCA                DATA
 0003:00000004 00000004H .CRT$XCL                DATA
 0003:00000008 00000004H .CRT$XCU                DATA
 0003:0000000c 00000004H .CRT$XCZ                DATA
 0003:00000010 00000004H .CRT$XIA                DATA
 0003:00000014 00000004H .CRT$XIZ                DATA
 0003:00000020 000001f8H .data                   DATA
 0003:00000218 0000122cH .bss                    DATA
 0004:00000000 000000a0H .idata$2                DATA
 0004:000000a0 00000014H .idata$3                DATA
 0004:000000b4 00000258H .idata$4                DATA
 0004:0000030c 00000258H .idata$5                DATA
 0004:00000564 000003a8H .idata$6                DATA
 0005:00000000 00000170H .rsrc$01                DATA
 0005:00000170 00001120H .rsrc$02                DATA

  Address         Publics by Value              Rva+Base     Lib:Object

 0001:00000000       ??0CCommands@@QAE@XZ       10001000 f   Commands.obj
 0001:00000060       ??0?$IDispatchImpl@UICommands@@$1?IID_ICommands@@3U_GUID@@B$1?LIBID_FileTool@@3U3@B$00$0A@VCComTypeInfoHolder@ATL@@@ATL@@QAE@XZ 10001060 f i Commands.obj
 0001:000000a0       ??0?$CComObjectRootEx@VCComMultiThreadModel@ATL@@@ATL@@QAE@XZ 100010a0 f i Commands.obj
 0001:000000f0       ??0ICommands@@QAE@XZ       100010f0 f i Commands.obj
 0001:00000130       ??0IDispatch@@QAE@XZ       10001130 f i Commands.obj
 0001:00000170       ??0IUnknown@@QAE@XZ        10001170 f i Commands.obj
 0001:000001a0       ??1CCommands@@QAE@XZ       100011a0 f   Commands.obj
 0001:00000270       ??1?$CComObjectRootEx@VCComMultiThreadModel@ATL@@@ATL@@QAE@XZ 10001270 f i Commands.obj
 0001:000002b0       ?SetApplicationObject@CCommands@@QAEXPAUIApplication@@@Z 100012b0 f   Commands.obj
 0001:000002e0       ?AddFileToProject@CCommands@@UAGJXZ 100012e0 f   Commands.obj
 0001:00000b70       ??1CFileDialog@@UAE@XZ     10001b70 f i Commands.obj
 0001:00000bf0       ??1CCommonDialog@@UAE@XZ   10001bf0 f i Commands.obj
 0001:00000c30       ?OpenFile@CCommands@@UAGJXZ 10001c30 f   Commands.obj
 0001:000010d0       ??0?$CComPtr@UIDispatch@@@ATL@@QAE@PAUIDispatch@@@Z 100020d0 f i Commands.obj
 0001:00001130       ??1?$CComPtr@UIDispatch@@@ATL@@QAE@XZ 10002130 f i Commands.obj
 0001:00001180       ??B?$CComPtr@UIDispatch@@@ATL@@QBEPAUIDispatch@@XZ 10002180 f i Commands.obj
 0001:000011b0       ??I?$CComPtr@UIDispatch@@@ATL@@QAEPAPAUIDispatch@@XZ 100021b0 f i Commands.obj
 0001:00001220       ??4?$CComPtr@UIDispatch@@@ATL@@QAEPAUIDispatch@@PAU2@@Z 10002220 f i Commands.obj
 0001:00001260       ?GetTypeInfoCount@?$IDispatchImpl@UICommands@@$1?IID_ICommands@@3U_GUID@@B$1?LIBID_FileTool@@3U3@B$00$0A@VCComTypeInfoHolder@ATL@@@ATL@@UAGJPAI@Z 10002260 f i Commands.obj
 0001:00001290       ?GetTypeInfo@?$IDispatchImpl@UICommands@@$1?IID_ICommands@@3U_GUID@@B$1?LIBID_FileTool@@3U3@B$00$0A@VCComTypeInfoHolder@ATL@@@ATL@@UAGJIKPAPAUITypeInfo@@@Z 10002290 f i Commands.obj
 0001:000012e0       ?GetIDsOfNames@?$IDispatchImpl@UICommands@@$1?IID_ICommands@@3U_GUID@@B$1?LIBID_FileTool@@3U3@B$00$0A@VCComTypeInfoHolder@ATL@@@ATL@@UAGJABU_GUID@@PAPAGIKPAJ@Z 100022e0 f i Commands.obj
 0001:00001330       ?Invoke@?$IDispatchImpl@UICommands@@$1?IID_ICommands@@3U_GUID@@B$1?LIBID_FileTool@@3U3@B$00$0A@VCComTypeInfoHolder@ATL@@@ATL@@UAGJJABU_GUID@@KGPAUtagDISPPARAMS@@PAUtagVARIANT@@PAUtagEXCEPINFO@@PAI@Z 10002330 f i Commands.obj
 0001:00001390       ??0?$CComQIPtr@UIProjects@@$1?IID_IProjects@@3U_GUID@@B@ATL@@QAE@PAUIUnknown@@@Z 10002390 f i Commands.obj
 0001:000013f0       ??1?$CComQIPtr@UIProjects@@$1?IID_IProjects@@3U_GUID@@B@ATL@@QAE@XZ 100023f0 f i Commands.obj
 0001:00001440       ??C?$CComQIPtr@UIProjects@@$1?IID_IProjects@@3U_GUID@@B@ATL@@QBEPAV?$_NoAddRefReleaseOnCComPtr@UIProjects@@@1@XZ 10002440 f i Commands.obj
 0001:000014b0       ??0?$CComQIPtr@UIGenericProject@@$1?IID_IGenericProject@@3U_GUID@@B@ATL@@QAE@PAUIUnknown@@@Z 100024b0 f i Commands.obj
 0001:00001510       ??1?$CComQIPtr@UIGenericProject@@$1?IID_IGenericProject@@3U_GUID@@B@ATL@@QAE@XZ 10002510 f i Commands.obj
 0001:00001560       ??B?$CComQIPtr@UIGenericProject@@$1?IID_IGenericProject@@3U_GUID@@B@ATL@@QBEPAUIGenericProject@@XZ 10002560 f i Commands.obj
 0001:00001590       ??C?$CComQIPtr@UIGenericProject@@$1?IID_IGenericProject@@3U_GUID@@B@ATL@@QBEPAV?$_NoAddRefReleaseOnCComPtr@UIGenericProject@@@1@XZ 10002590 f i Commands.obj
 0001:00001600       ??0?$CComQIPtr@UIBuildProject@@$1?IID_IBuildProject@@3U_GUID@@B@ATL@@QAE@XZ 10002600 f i Commands.obj
 0001:00001630       ??1?$CComQIPtr@UIBuildProject@@$1?IID_IBuildProject@@3U_GUID@@B@ATL@@QAE@XZ 10002630 f i Commands.obj
 0001:00001680       ??C?$CComQIPtr@UIBuildProject@@$1?IID_IBuildProject@@3U_GUID@@B@ATL@@QBEPAV?$_NoAddRefReleaseOnCComPtr@UIBuildProject@@@1@XZ 10002680 f i Commands.obj
 0001:000016f0       ??4?$CComQIPtr@UIBuildProject@@$1?IID_IBuildProject@@3U_GUID@@B@ATL@@QAEPAUIBuildProject@@PAUIUnknown@@@Z 100026f0 f i Commands.obj
 0001:00001740       ??0?$CComQIPtr@UIDocuments@@$1?IID_IDocuments@@3U_GUID@@B@ATL@@QAE@PAUIUnknown@@@Z 10002740 f i Commands.obj
 0001:000017a0       ??1?$CComQIPtr@UIDocuments@@$1?IID_IDocuments@@3U_GUID@@B@ATL@@QAE@XZ 100027a0 f i Commands.obj
 0001:000017f0       ??C?$CComQIPtr@UIDocuments@@$1?IID_IDocuments@@3U_GUID@@B@ATL@@QBEPAV?$_NoAddRefReleaseOnCComPtr@UIDocuments@@@1@XZ 100027f0 f i Commands.obj
 0001:00001860       ??0CComAutoCriticalSection@ATL@@QAE@XZ 10002860 f i Commands.obj
 0001:000018b0       ??1CComAutoCriticalSection@ATL@@QAE@XZ 100028b0 f i Commands.obj
 0001:00001900       ??0CComBSTR@ATL@@QAE@XZ    10002900 f i Commands.obj
 0001:00001930       ??1CComBSTR@ATL@@QAE@XZ    10002930 f i Commands.obj
 0001:00001980       ??BCComBSTR@ATL@@QBEPAGXZ  10002980 f i Commands.obj
 0001:000019b0       ??ICComBSTR@ATL@@QAEPAPAGXZ 100029b0 f i Commands.obj
 0001:000019e0       ??0CComBSTR@ATL@@QAE@PBD@Z 100029e0 f i Commands.obj
 0001:00001a30       ?A2WBSTR@@YAPAGPBDH@Z      10002a30 f i Commands.obj
 0001:00001af0       ??1CComVariant@ATL@@QAE@XZ 10002af0 f i Commands.obj
 0001:00001b30       ??0CComVariant@ATL@@QAE@PBD@Z 10002b30 f i Commands.obj
 0001:00001b80       ??0CComVariant@ATL@@QAE@H@Z 10002b80 f i Commands.obj
 0001:00001bc0       ??4CComVariant@ATL@@QAEAAV01@PBD@Z 10002bc0 f i Commands.obj
 0001:00001cb0       ?AtlA2WHelper@@YGPAGPAGPBDH@Z 10002cb0 f i Commands.obj
 0001:00001cf0       ?AtlA2WHelper@@YGPAGPAGPBDHI@Z 10002cf0 f i Commands.obj
 0001:00001dc0       ?Clear@CComVariant@ATL@@QAEJXZ 10002dc0 f i Commands.obj
 0001:00001e10       ?InternalClear@CComVariant@ATL@@QAEJXZ 10002e10 f i Commands.obj
 0001:00001ea0       ?AtlComPtrAssign@ATL@@YGPAUIUnknown@@PAPAU2@PAU2@@Z 10002ea0 f i Commands.obj
 0001:00001f20       ?AtlComQIPtrAssign@ATL@@YGPAUIUnknown@@PAPAU2@PAU2@ABU_GUID@@@Z 10002f20 f i Commands.obj
 0001:00001fa0       ??0CComObjectRootBase@ATL@@QAE@XZ 10002fa0 f i Commands.obj
 0001:00001fd0       ?GetTypeInfo@CComTypeInfoHolder@ATL@@QAEJIKPAPAUITypeInfo@@@Z 10002fd0 f i Commands.obj
 0001:00002030       ?GetTI@CComTypeInfoHolder@ATL@@QAEJKPAPAUITypeInfo@@@Z 10003030 f i Commands.obj
 0001:000020c0       ?GetIDsOfNames@CComTypeInfoHolder@ATL@@QAEJABU_GUID@@PAPAGIKPAJ@Z 100030c0 f i Commands.obj
 0001:00002220       ?ocslen@@YAIPBG@Z          10003220 f i Commands.obj
 0001:00002260       ?EnsureTI@CComTypeInfoHolder@ATL@@QAEJK@Z 10003260 f i Commands.obj
 0001:000022c0       ?Invoke@CComTypeInfoHolder@ATL@@QAEJPAUIDispatch@@JABU_GUID@@KGPAUtagDISPPARAMS@@PAUtagVARIANT@@PAUtagEXCEPINFO@@PAI@Z 100032c0 f i Commands.obj
 0001:00002350       ??_Estringdispid@CComTypeInfoHolder@ATL@@QAEPAXI@Z 10003350 f i Commands.obj
 0001:000023f0       ??1stringdispid@CComTypeInfoHolder@ATL@@QAE@XZ 100033f0 f i Commands.obj
 0001:00002430       ?GetTI@CComTypeInfoHolder@ATL@@QAEJK@Z 10003430 f i Commands.obj
 0001:00002690       ??0?$CComPtr@UITypeInfo@@@ATL@@QAE@XZ 10003690 f i Commands.obj
 0001:000026c0       ??0?$CComPtr@UITypeInfo@@@ATL@@QAE@ABV01@@Z 100036c0 f i Commands.obj
 0001:00002720       ??1?$CComPtr@UITypeInfo@@@ATL@@QAE@XZ 10003720 f i Commands.obj
 0001:00002770       ??B?$CComPtr@UITypeInfo@@@ATL@@QBEPAUITypeInfo@@XZ 10003770 f i Commands.obj
 0001:000027a0       ??I?$CComPtr@UITypeInfo@@@ATL@@QAEPAPAUITypeInfo@@XZ 100037a0 f i Commands.obj
 0001:00002810       ??C?$CComPtr@UITypeInfo@@@ATL@@QBEPAV?$_NoAddRefReleaseOnCComPtr@UITypeInfo@@@1@XZ 10003810 f i Commands.obj
 0001:00002880       ??4?$CComPtr@UITypeInfo@@@ATL@@QAEPAUITypeInfo@@PAU2@@Z 10003880 f i Commands.obj
 0001:000028c0       ?Detach@?$CComPtr@UITypeInfo@@@ATL@@QAEPAUITypeInfo@@XZ 100038c0 f i Commands.obj
 0001:00002900       ??0?$CComPtr@UITypeInfo2@@@ATL@@QAE@XZ 10003900 f i Commands.obj
 0001:00002930       ??1?$CComPtr@UITypeInfo2@@@ATL@@QAE@XZ 10003930 f i Commands.obj
 0001:00002980       ??B?$CComPtr@UITypeInfo2@@@ATL@@QBEPAUITypeInfo2@@XZ 10003980 f i Commands.obj
 0001:000029b0       ??I?$CComPtr@UITypeInfo2@@@ATL@@QAEPAPAUITypeInfo2@@XZ 100039b0 f i Commands.obj
 0001:00002a20       ?QueryInterface@IUnknown@@QAGJPAPAUITypeInfo2@@@Z 10003a20 f i Commands.obj
 0001:00002a70       ?InlineIsEqualGUID@ATL@@YAHABU_GUID@@0@Z 10003a70 f i Commands.obj
 0001:00002ae0       ?AddTermFunc@CComModule@ATL@@QAEJP6GXK@ZK@Z 10003ae0 f i Commands.obj
 0001:00002b30       ?AtlModuleAddTermFunc@ATL@@YGJPAU_ATL_MODULE@1@P6GXK@ZK@Z 10003b30 f i Commands.obj
 0001:00002c30       ?Cleanup@CComTypeInfoHolder@ATL@@SGXK@Z 10003c30 f i Commands.obj
 0001:00002cd0       ?LoadNameCache@CComTypeInfoHolder@ATL@@QAEJPAUITypeInfo@@@Z 10003cd0 f i Commands.obj
 0001:00002f20       ?Attach@CComBSTR@ATL@@QAEXPAG@Z 10003f20 f i Commands.obj
 0001:00002fa0       ?Detach@CComBSTR@ATL@@QAEPAGXZ 10003fa0 f i Commands.obj
 0001:00002fe0       ??0stringdispid@CComTypeInfoHolder@ATL@@QAE@XZ 10003fe0 f i Commands.obj
 0001:00003020       ?OnConnection@CDSAddIn@@UAGJPAUIApplication@@FJPAF@Z 10004020 f   DSAddIn.obj
 0001:00003840       ?OnDisconnection@CDSAddIn@@UAGJF@Z 10004840 f   DSAddIn.obj
 0001:000038e0       ?CreateInstance@?$CComObject@VCCommands@@@ATL@@SGJPAPAV12@@Z 100048e0 f i DSAddIn.obj
 0001:00003a50       ??_G?$CComObject@VCCommands@@@ATL@@QAEPAXI@Z 10004a50 f i DSAddIn.obj
 0001:00003ab0       ??1?$CComObject@VCCommands@@@ATL@@QAE@XZ 10004ab0 f i DSAddIn.obj
 0001:00003b40       ?AddRef@?$CComObject@VCCommands@@@ATL@@UAGKXZ 10004b40 f i DSAddIn.obj
 0001:00003b80       ?Release@?$CComObject@VCCommands@@@ATL@@UAGKXZ 10004b80 f i DSAddIn.obj
 0001:00003bf0       ?QueryInterface@?$CComObject@VCCommands@@@ATL@@UAGJABU_GUID@@PAPAX@Z 10004bf0 f i DSAddIn.obj
 0001:00003c30       ?_InternalQueryInterface@CCommands@@QAEJABU_GUID@@PAPAX@Z 10004c30 f i DSAddIn.obj
 0001:00003c80       ?_GetEntries@CCommands@@SGPBU_ATL_INTMAP_ENTRY@ATL@@XZ 10004c80 f i DSAddIn.obj
 0001:00003cb0       ?InternalAddRef@?$CComObjectRootEx@VCComMultiThreadModel@ATL@@@ATL@@QAEKXZ 10004cb0 f i DSAddIn.obj
 0001:00003d20       ?InternalRelease@?$CComObjectRootEx@VCComMultiThreadModel@ATL@@@ATL@@QAEKXZ 10004d20 f i DSAddIn.obj
 0001:00003d90       ??0?$CComObject@VCCommands@@@ATL@@QAE@PAX@Z 10004d90 f i DSAddIn.obj
 0001:00003e10       ?Increment@CComMultiThreadModel@ATL@@SGKPAJ@Z 10004e10 f i DSAddIn.obj
 0001:00003e50       ?Decrement@CComMultiThreadModel@ATL@@SGKPAJ@Z 10004e50 f i DSAddIn.obj
 0001:00003e90       ?Lock@CComModule@ATL@@QAEJXZ 10004e90 f i DSAddIn.obj
 0001:00003ed0       ?Unlock@CComModule@ATL@@QAEJXZ 10004ed0 f i DSAddIn.obj
 0001:00003f10       ?FinalConstruct@CComObjectRootBase@ATL@@QAEJXZ 10004f10 f i DSAddIn.obj
 0001:00003f40       ?FinalRelease@CComObjectRootBase@ATL@@QAEXXZ 10004f40 f i DSAddIn.obj
 0001:00003f70       ?InternalQueryInterface@CComObjectRootBase@ATL@@SGJPAXPBU_ATL_INTMAP_ENTRY@2@ABU_GUID@@PAPAX@Z 10004f70 f i DSAddIn.obj
 0001:00004030       ?AtlInternalQueryInterface@ATL@@YGJPAXPBU_ATL_INTMAP_ENTRY@1@ABU_GUID@@PAPAX@Z 10005030 f i DSAddIn.obj
 0001:00004220       ?InlineIsEqualUnknown@ATL@@YAHABU_GUID@@@Z 10005220 f i DSAddIn.obj
 0001:00004280       ?SetVoid@CComObjectRootBase@ATL@@QAEXPAX@Z 10005280 f i DSAddIn.obj
 0001:000042b0       ?InternalFinalConstructAddRef@CComObjectRootBase@ATL@@QAEXXZ 100052b0 f i DSAddIn.obj
 0001:000042e0       ?InternalFinalConstructRelease@CComObjectRootBase@ATL@@QAEXXZ 100052e0 f i DSAddIn.obj
 0001:00004350       ?UpdateRegistry@CDSAddIn@@SGJH@Z 10005350 f i FileTool.obj
 0001:000043a0       ?_GetBaseMessageMap@CFileToolApp@@KGPBUAFX_MSGMAP@@XZ 100053a0 f   FileTool.obj
 0001:000043d0       ?GetMessageMap@CFileToolApp@@MBEPBUAFX_MSGMAP@@XZ 100053d0 f   FileTool.obj
 0001:00004500       ??1CFileToolApp@@UAE@XZ    10005500 f i FileTool.obj
 0001:00004540       ??0CFileToolApp@@QAE@XZ    10005540 f   FileTool.obj
 0001:00004590       ??_GCFileToolApp@@UAEPAXI@Z 10005590 f i FileTool.obj
 0001:00004590       ??_ECFileToolApp@@UAEPAXI@Z 10005590 f i FileTool.obj
 0001:000045e0       ?InitInstance@CFileToolApp@@UAEHXZ 100055e0 f   FileTool.obj
 0001:00004630       ?ExitInstance@CFileToolApp@@UAEHXZ 10005630 f   FileTool.obj
 0001:00004670       _DllGetClassObject@12      10005670 f   FileTool.obj
 0001:000046d0       _DllCanUnloadNow@0         100056d0 f   FileTool.obj
 0001:00004740       _DllRegisterServer@0       10005740 f   FileTool.obj
 0001:00004930       _DllUnregisterServer@0     10005930 f   FileTool.obj
 0001:00004990       ?GetLastErrorDescription@@YAXAAVCComBSTR@ATL@@@Z 10005990 f   FileTool.obj
 0001:00004a40       ??0?$CComPtr@UIErrorInfo@@@ATL@@QAE@XZ 10005a40 f i FileTool.obj
 0001:00004a70       ??1?$CComPtr@UIErrorInfo@@@ATL@@QAE@XZ 10005a70 f i FileTool.obj
 0001:00004ac0       ??I?$CComPtr@UIErrorInfo@@@ATL@@QAEPAPAUIErrorInfo@@XZ 10005ac0 f i FileTool.obj
 0001:00004b30       ??C?$CComPtr@UIErrorInfo@@@ATL@@QBEPAV?$_NoAddRefReleaseOnCComPtr@UIErrorInfo@@@1@XZ 10005b30 f i FileTool.obj
 0001:00004ba0       ?AtlW2AHelper@@YGPADPADPBGH@Z 10005ba0 f i FileTool.obj
 0001:00004be0       ?AtlW2AHelper@@YGPADPADPBGHI@Z 10005be0 f i FileTool.obj
 0001:00004cb0       ?GetObjectCLSID@?$CComCoClass@VCDSAddIn@@$1?CLSID_DSAddIn@@3U_GUID@@B@ATL@@SGABU_GUID@@XZ 10005cb0 f i FileTool.obj
 0001:00004ce0       ?GetObjectDescription@?$CComCoClass@VCDSAddIn@@$1?CLSID_DSAddIn@@3U_GUID@@B@ATL@@SGPBDXZ 10005ce0 f i FileTool.obj
 0001:00004d10       ?GetCategoryMap@?$CComCoClass@VCDSAddIn@@$1?CLSID_DSAddIn@@3U_GUID@@B@ATL@@SAPBU_ATL_CATMAP_ENTRY@2@XZ 10005d10 f i FileTool.obj
 0001:00004d40       ?CreateInstance@?$CComCreator@V?$CComObjectCached@VCComClassFactory@ATL@@@ATL@@@ATL@@SGJPAXABU_GUID@@PAPAX@Z 10005d40 f i FileTool.obj
 0001:00004ed0       ?CreateInstance@?$CComCreator2@V?$CComCreator@V?$CComObject@VCDSAddIn@@@ATL@@@ATL@@V?$CComFailCreator@$0?HPPLPOPA@@2@@ATL@@SGJPAXABU_GUID@@PAPAX@Z 10005ed0 f i FileTool.obj
 0001:00004f70       ??_G?$CComObjectCached@VCComClassFactory@ATL@@@ATL@@QAEPAXI@Z 10005f70 f i FileTool.obj
 0001:00004fd0       ??0?$CComObjectCached@VCComClassFactory@ATL@@@ATL@@QAE@PAX@Z 10005fd0 f i FileTool.obj
 0001:00005050       ??1?$CComObjectCached@VCComClassFactory@ATL@@@ATL@@QAE@XZ 10006050 f i FileTool.obj
 0001:000050e0       ?AddRef@?$CComObjectCached@VCComClassFactory@ATL@@@ATL@@UAGKXZ 100060e0 f i FileTool.obj
 0001:00005150       ?Release@?$CComObjectCached@VCComClassFactory@ATL@@@ATL@@UAGKXZ 10006150 f i FileTool.obj
 0001:000051f0       ?QueryInterface@?$CComObjectCached@VCComClassFactory@ATL@@@ATL@@UAGJABU_GUID@@PAPAX@Z 100061f0 f i FileTool.obj
 0001:00005230       ?CreateInstance@?$CComCreator@V?$CComObject@VCDSAddIn@@@ATL@@@ATL@@SGJPAXABU_GUID@@PAPAX@Z 10006230 f i FileTool.obj
 0001:000053c0       ?CreateInstance@?$CComFailCreator@$0?HPPLPOPA@@ATL@@SGJPAXABU_GUID@@PAPAX@Z 100063c0 f i FileTool.obj
 0001:000053f0       ??0CComClassFactory@ATL@@QAE@XZ 100063f0 f i FileTool.obj
 0001:00005440       ??1CComClassFactory@ATL@@QAE@XZ 10006440 f i FileTool.obj
 0001:00005490       ??_G?$CComObject@VCDSAddIn@@@ATL@@QAEPAXI@Z 10006490 f i FileTool.obj
 0001:000054f0       ??0IClassFactory@@QAE@XZ   100064f0 f i FileTool.obj
 0001:00005530       ??0?$CComObject@VCDSAddIn@@@ATL@@QAE@PAX@Z 10006530 f i FileTool.obj
 0001:000055b0       ??0CDSAddIn@@QAE@XZ        100065b0 f i FileTool.obj
 0001:00005600       ??0IDSAddIn@@QAE@XZ        10006600 f i FileTool.obj
 0001:00005650       ??1?$CComObject@VCDSAddIn@@@ATL@@QAE@XZ 10006650 f i FileTool.obj
 0001:000056e0       ?AddRef@?$CComObject@VCDSAddIn@@@ATL@@UAGKXZ 100066e0 f i FileTool.obj
 0001:00005720       ?Release@?$CComObject@VCDSAddIn@@@ATL@@UAGKXZ 10006720 f i FileTool.obj
 0001:00005790       ?QueryInterface@?$CComObject@VCDSAddIn@@@ATL@@UAGJABU_GUID@@PAPAX@Z 10006790 f i FileTool.obj
 0001:000057d0       ?_InternalQueryInterface@CDSAddIn@@QAEJABU_GUID@@PAPAX@Z 100067d0 f i FileTool.obj
 0001:00005820       ?_GetEntries@CDSAddIn@@SGPBU_ATL_INTMAP_ENTRY@ATL@@XZ 10006820 f i FileTool.obj
 0001:00005850       ??1CDSAddIn@@QAE@XZ        10006850 f i FileTool.obj
 0001:000058a0       ?Lock@CComAutoCriticalSection@ATL@@QAEXXZ 100068a0 f i FileTool.obj
 0001:000058f0       ?Unlock@CComAutoCriticalSection@ATL@@QAEXXZ 100068f0 f i FileTool.obj
 0001:00005940       ?Init@CComModule@ATL@@QAEJPAU_ATL_OBJMAP_ENTRY@2@PAUHINSTANCE__@@PBU_GUID@@@Z 10006940 f i FileTool.obj
 0001:000059d0       ?Term@CComModule@ATL@@QAEXXZ 100069d0 f i FileTool.obj
 0001:00005a10       ?GetLockCount@CComModule@ATL@@QAEJXZ 10006a10 f i FileTool.obj
 0001:00005a40       ?RegisterServer@CComModule@ATL@@QAEJHPBU_GUID@@@Z 10006a40 f i FileTool.obj
 0001:00005a90       ?UnregisterServer@CComModule@ATL@@QAEJPBU_GUID@@@Z 10006a90 f i FileTool.obj
 0001:00005ad0       ?GetClassObject@CComModule@ATL@@QAEJABU_GUID@@0PAPAX@Z 10006ad0 f i FileTool.obj
 0001:00005b20       ??0CRegKey@ATL@@QAE@XZ     10006b20 f i FileTool.obj
 0001:00005b50       ??1CRegKey@ATL@@QAE@XZ     10006b50 f i FileTool.obj
 0001:00005b90       ??BCRegKey@ATL@@QBEPAUHKEY__@@XZ 10006b90 f i FileTool.obj
 0001:00005bc0       ?Close@CRegKey@ATL@@QAEJXZ 10006bc0 f i FileTool.obj
 0001:00005c30       ?Open@CRegKey@ATL@@QAEJPAUHKEY__@@PBDK@Z 10006c30 f i FileTool.obj
 0001:00005d20       ?SetKeyValue@CRegKey@ATL@@QAEJPBD00@Z 10006d20 f i FileTool.obj
 0001:00005e10       ?Create@CRegKey@ATL@@QAEJPAUHKEY__@@PBDPADKKPAU_SECURITY_ATTRIBUTES@@PAK@Z 10006e10 f i FileTool.obj
 0001:00005ee0       ?SetValue@CRegKey@ATL@@QAEJPBD0@Z 10006ee0 f i FileTool.obj
 0001:00005fc0       ?UpdateRegistryClass@CComModule@ATL@@QAGJABU_GUID@@PBD1IKH@Z 10006fc0 f i FileTool.obj
 0001:00006030       ?RegisterClassHelper@CComModule@ATL@@QAGJABU_GUID@@PBD1IK@Z 10007030 f i FileTool.obj
 0001:000063f0       ?RegisterProgID@CComModule@ATL@@SAJPBD00@Z 100073f0 f i FileTool.obj
 0001:000064f0       ?UnregisterClassHelper@CComModule@ATL@@QAGJABU_GUID@@PBD1@Z 100074f0 f i FileTool.obj
 0001:00006690       ?Attach@CRegKey@ATL@@QAEXPAUHKEY__@@@Z 10007690 f i FileTool.obj
 0001:00006710       ?RecurseDeleteKey@CRegKey@ATL@@QAEJPBD@Z 10007710 f i FileTool.obj
 0001:00006860       ?DeleteSubKey@CRegKey@ATL@@QAEJPBD@Z 10007860 f i FileTool.obj
 0001:000068f0       ?AtlModuleInit@ATL@@YGJPAU_ATL_MODULE@1@PAU_ATL_OBJMAP_ENTRY@1@PAUHINSTANCE__@@@Z 100078f0 f i FileTool.obj
 0001:00006aa0       ?_NextObjectMapEntry@ATL@@YAPAU_ATL_OBJMAP_ENTRY@1@PAU_ATL_MODULE@1@PAU21@@Z 10007aa0 f i FileTool.obj
 0001:00006ae0       ?AtlModuleGetClassObject@ATL@@YGJPAU_ATL_MODULE@1@ABU_GUID@@1PAPAX@Z 10007ae0 f i FileTool.obj
 0001:00006cb0       ?AtlModuleTerm@ATL@@YGJPAU_ATL_MODULE@1@@Z 10007cb0 f i FileTool.obj
 0001:00006ed0       ?AtlModuleRegisterServer@ATL@@YGJPAU_ATL_MODULE@1@HPBU_GUID@@@Z 10007ed0 f i FileTool.obj
 0001:000070a0       ?IsEqualGUID@@YAHABU_GUID@@0@Z 100080a0 f i FileTool.obj
 0001:000070e0       ?AtlRegisterClassCategoriesHelper@ATL@@YGJABU_GUID@@PBU_ATL_CATMAP_ENTRY@1@H@Z 100080e0 f i FileTool.obj
 0001:00007380       ??0?$CComPtr@UICatRegister@@@ATL@@QAE@XZ 10008380 f i FileTool.obj
 0001:000073b0       ??1?$CComPtr@UICatRegister@@@ATL@@QAE@XZ 100083b0 f i FileTool.obj
 0001:00007400       ??I?$CComPtr@UICatRegister@@@ATL@@QAEPAPAUICatRegister@@XZ 10008400 f i FileTool.obj
 0001:00007470       ??C?$CComPtr@UICatRegister@@@ATL@@QBEPAV?$_NoAddRefReleaseOnCComPtr@UICatRegister@@@1@XZ 10008470 f i FileTool.obj
 0001:000074e0       ?AtlModuleUnregisterServer@ATL@@YGJPAU_ATL_MODULE@1@PBU_GUID@@@Z 100084e0 f i FileTool.obj
 0001:00007520       ?AtlModuleUnregisterServerEx@ATL@@YGJPAU_ATL_MODULE@1@HPBU_GUID@@@Z 10008520 f i FileTool.obj
 0001:000076b0       ?AtlModuleUnRegisterTypeLib@ATL@@YGJPAU_ATL_MODULE@1@PBG@Z 100086b0 f i FileTool.obj
 0001:00007840       ??0?$CComPtr@UITypeLib@@@ATL@@QAE@XZ 10008840 f i FileTool.obj
 0001:00007870       ??1?$CComPtr@UITypeLib@@@ATL@@QAE@XZ 10008870 f i FileTool.obj
 0001:000078c0       ??I?$CComPtr@UITypeLib@@@ATL@@QAEPAPAUITypeLib@@XZ 100088c0 f i FileTool.obj
 0001:00007930       ??C?$CComPtr@UITypeLib@@@ATL@@QBEPAV?$_NoAddRefReleaseOnCComPtr@UITypeLib@@@1@XZ 10008930 f i FileTool.obj
 0001:000079a0       ?AtlModuleLoadTypeLib@ATL@@YGJPAU_ATL_MODULE@1@PBGPAPAGPAPAUITypeLib@@@Z 100089a0 f i FileTool.obj
 0001:00007cf0       ?OLE2BSTR@@YAPAGPBG@Z      10008cf0 f i FileTool.obj
 0001:00007d30       ?AtlModuleRegisterTypeLib@ATL@@YGJPAU_ATL_MODULE@1@PBG@Z 10008d30 f i FileTool.obj
 0001:00007e50       ??B?$CComPtr@UITypeLib@@@ATL@@QBEPAUITypeLib@@XZ 10008e50 f i FileTool.obj
 0001:00007e80       ?ocscpy@@YAPAGPAGPBG@Z     10008e80 f i FileTool.obj
 0001:00007fb0       ?CharNextO@@YAPAGPBG@Z     10008fb0 f i FileTool.obj
 0001:00007ff0       ?ObjectMain@CComObjectRootBase@ATL@@SGX_N@Z 10008ff0 f i FileTool.obj
 0001:00008020       ?_InternalQueryInterface@CComClassFactory@ATL@@QAEJABU_GUID@@PAPAX@Z 10009020 f i FileTool.obj
 0001:00008070       ?_GetEntries@CComClassFactory@ATL@@SGPBU_ATL_INTMAP_ENTRY@2@XZ 10009070 f i FileTool.obj
 0001:000080a0       ?CreateInstance@CComClassFactory@ATL@@UAGJPAUIUnknown@@ABU_GUID@@PAPAX@Z 100090a0 f i FileTool.obj
 0001:00008170       ?AtlTrace2@ATL@@YAXKIPBDZZ 10009170 f i FileTool.obj
 0001:00008250       ?LockServer@CComClassFactory@ATL@@UAGJH@Z 10009250 f i FileTool.obj
 0001:000082a0       ?SetVoid@CComClassFactory@ATL@@QAEXPAX@Z 100092a0 f i FileTool.obj
 0001:000082d0       ?AfxAssertFailedLine@@YGHPBDH@Z 100092d0 f   mfc42d:MFC42D.DLL
 0001:000082d6       ??BCString@@QBEPBDXZ       100092d6 f   mfc42d:MFC42D.DLL
 0001:000082dc       ??8@YG_NABVCString@@PBD@Z  100092dc f   mfc42d:MFC42D.DLL
 0001:000082e2       ??4CString@@QAEABV0@ABV0@@Z 100092e2 f   mfc42d:MFC42D.DLL
 0001:000082e8       ?GetNextPathName@CFileDialog@@QBE?AVCString@@AAPAU__POSITION@@@Z 100092e8 f   mfc42d:MFC42D.DLL
 0001:000082ee       ??0CString@@QAE@PBG@Z      100092ee f   mfc42d:MFC42D.DLL
 0001:000082f4       ??1CString@@QAE@XZ         100092f4 f   mfc42d:MFC42D.DLL
 0001:000082fa       ??0CString@@QAE@XZ         100092fa f   mfc42d:MFC42D.DLL
 0001:00008300       ?GetStartPosition@CFileDialog@@QBEPAU__POSITION@@XZ 10009300 f   mfc42d:MFC42D.DLL
 0001:00008306       ?DoModal@CFileDialog@@UAEHXZ 10009306 f   mfc42d:MFC42D.DLL
 0001:0000830c       ??0CFileDialog@@QAE@HPBD0K0PAVCWnd@@@Z 1000930c f   mfc42d:MFC42D.DLL
 0001:00008312       ??1AFX_MAINTAIN_STATE2@@QAE@XZ 10009312 f   mfc42d:MFC42D.DLL
 0001:00008318       ?AfxMessageBox@@YGHPBDII@Z 10009318 f   mfc42d:MFC42D.DLL
 0001:0000831e       ??0AFX_MAINTAIN_STATE2@@QAE@PAVAFX_MODULE_STATE@@@Z 1000931e f   mfc42d:MFC42D.DLL
 0001:00008324       ??1CDialog@@UAE@XZ         10009324 f   mfc42d:MFC42D.DLL
 0001:0000832a       ??3@YAXPAX@Z               1000932a f   mfc42d:MFC42D.DLL
 0001:00008330       ??2@YAPAXI@Z               10009330 f   mfc42d:MFC42D.DLL
 0001:00008336       ??H@YG?AVCString@@PBDABV0@@Z 10009336 f   mfc42d:MFC42D.DLL
 0001:0000833c       ?LoadStringA@CString@@QAEHI@Z 1000933c f   mfc42d:MFC42D.DLL
 0001:00008342       ?AfxGetInstanceHandle@@YGPAUHINSTANCE__@@XZ 10009342 f   mfc42d:MFC42D.DLL
 0001:00008348       ??1CWinApp@@UAE@XZ         10009348 f   mfc42d:MFC42D.DLL
 0001:0000834e       ?WinHelpA@CWinApp@@UAEXKI@Z 1000934e f   mfc42d:MFC42D.DLL
 0001:00008354       ?OnDDECommand@CWinApp@@UAEHPAD@Z 10009354 f   mfc42d:MFC42D.DLL
 0001:0000835a       ?DoWaitCursor@CWinApp@@UAEXH@Z 1000935a f   mfc42d:MFC42D.DLL
 0001:00008360       ?DoMessageBox@CWinApp@@UAEHPBDII@Z 10009360 f   mfc42d:MFC42D.DLL
 0001:00008366       ?SaveAllModified@CWinApp@@UAEHXZ 10009366 f   mfc42d:MFC42D.DLL
 0001:0000836c       ?InitApplication@CWinApp@@UAEHXZ 1000936c f   mfc42d:MFC42D.DLL
 0001:00008372       ?AddToRecentFileList@CWinApp@@UAEXPBD@Z 10009372 f   mfc42d:MFC42D.DLL
 0001:00008378       ?OpenDocumentFile@CWinApp@@UAEPAVCDocument@@PBD@Z 10009378 f   mfc42d:MFC42D.DLL
 0001:0000837e       ?Delete@CWinThread@@UAEXXZ 1000937e f   mfc42d:MFC42D.DLL
 0001:00008384       ?GetMainWnd@CWinThread@@UAEPAVCWnd@@XZ 10009384 f   mfc42d:MFC42D.DLL
 0001:0000838a       ?ProcessMessageFilter@CWinThread@@UAEHHPAUtagMSG@@@Z 1000938a f   mfc42d:MFC42D.DLL
 0001:00008390       ?ProcessWndProcException@CWinApp@@UAEJPAVCException@@PBUtagMSG@@@Z 10009390 f   mfc42d:MFC42D.DLL
 0001:00008396       ?IsIdleMessage@CWinThread@@UAEHPAUtagMSG@@@Z 10009396 f   mfc42d:MFC42D.DLL
 0001:0000839c       ?OnIdle@CWinApp@@UAEHJ@Z   1000939c f   mfc42d:MFC42D.DLL
 0001:000083a2       ?PumpMessage@CWinThread@@UAEHXZ 100093a2 f   mfc42d:MFC42D.DLL
 0001:000083a8       ?PreTranslateMessage@CWinThread@@UAEHPAUtagMSG@@@Z 100093a8 f   mfc42d:MFC42D.DLL
 0001:000083ae       ?Run@CWinApp@@UAEHXZ       100093ae f   mfc42d:MFC42D.DLL
 0001:000083b4       ?GetConnectionHook@CCmdTarget@@MAEPAUIConnectionPoint@@ABU_GUID@@@Z 100093b4 f   mfc42d:MFC42D.DLL
 0001:000083ba       ?GetExtraConnectionPoints@CCmdTarget@@MAEHPAVCPtrArray@@@Z 100093ba f   mfc42d:MFC42D.DLL
 0001:000083c0       ?GetInterfaceHook@CCmdTarget@@UAEPAUIUnknown@@PBX@Z 100093c0 f   mfc42d:MFC42D.DLL
 0001:000083c6       ?OnCreateAggregates@CCmdTarget@@UAEHXZ 100093c6 f   mfc42d:MFC42D.DLL
 0001:000083cc       ?GetEventSinkMap@CCmdTarget@@MBEPBUAFX_EVENTSINKMAP@@XZ 100093cc f   mfc42d:MFC42D.DLL
 0001:000083d2       ?GetInterfaceMap@CCmdTarget@@MBEPBUAFX_INTERFACEMAP@@XZ 100093d2 f   mfc42d:MFC42D.DLL
 0001:000083d8       ?GetConnectionMap@CCmdTarget@@MBEPBUAFX_CONNECTIONMAP@@XZ 100093d8 f   mfc42d:MFC42D.DLL
 0001:000083de       ?GetDispatchMap@CCmdTarget@@MBEPBUAFX_DISPMAP@@XZ 100093de f   mfc42d:MFC42D.DLL
 0001:000083e4       ?GetCommandMap@CCmdTarget@@MBEPBUAFX_OLECMDMAP@@XZ 100093e4 f   mfc42d:MFC42D.DLL
 0001:000083ea       ?GetTypeLib@CCmdTarget@@UAEJKPAPAUITypeLib@@@Z 100093ea f   mfc42d:MFC42D.DLL
 0001:000083f0       ?GetTypeLibCache@CCmdTarget@@UAEPAVCTypeLibCache@@XZ 100093f0 f   mfc42d:MFC42D.DLL
 0001:000083f6       ?GetTypeInfoCount@CCmdTarget@@UAEIXZ 100093f6 f   mfc42d:MFC42D.DLL
 0001:000083fc       ?GetDispatchIID@CCmdTarget@@UAEHPAU_GUID@@@Z 100093fc f   mfc42d:MFC42D.DLL
 0001:00008402       ?IsInvokeAllowed@CCmdTarget@@UAEHJ@Z 10009402 f   mfc42d:MFC42D.DLL
 0001:00008408       ?OnFinalRelease@CCmdTarget@@UAEXXZ 10009408 f   mfc42d:MFC42D.DLL
 0001:0000840e       ?OnCmdMsg@CCmdTarget@@UAEHIHPAXPAUAFX_CMDHANDLERINFO@@@Z 1000940e f   mfc42d:MFC42D.DLL
 0001:00008414       ?Dump@CWinApp@@UBEXAAVCDumpContext@@@Z 10009414 f   mfc42d:MFC42D.DLL
 0001:0000841a       ?AssertValid@CWinApp@@UBEXXZ 1000941a f   mfc42d:MFC42D.DLL
 0001:00008420       ?Serialize@CObject@@UAEXAAVCArchive@@@Z 10009420 f   mfc42d:MFC42D.DLL
 0001:00008426       ?GetRuntimeClass@CWinApp@@UBEPAUCRuntimeClass@@XZ 10009426 f   mfc42d:MFC42D.DLL
 0001:0000842c       ??0CWinApp@@QAE@PBD@Z      1000942c f   mfc42d:MFC42D.DLL
 0001:00008432       ??3CObject@@SGXPAX@Z       10009432 f   mfc42d:MFC42D.DLL
 0001:00008438       ?InitInstance@CWinApp@@UAEHXZ 10009438 f   mfc42d:MFC42D.DLL
 0001:0000843e       ?ExitInstance@CWinApp@@UAEHXZ 1000943e f   mfc42d:MFC42D.DLL
 0001:00008470       ??0_AFX_DLL_MODULE_STATE@@QAE@XZ 10009470 f i mfcs42d:dllmodul.obj
 0001:000084a0       ??_G_AFX_DLL_MODULE_STATE@@UAEPAXI@Z 100094a0 f i mfcs42d:dllmodul.obj
 0001:000084a0       ??_E_AFX_DLL_MODULE_STATE@@UAEPAXI@Z 100094a0 f i mfcs42d:dllmodul.obj
 0001:000084d0       ??1_AFX_DLL_MODULE_STATE@@UAE@XZ 100094d0 f i mfcs42d:dllmodul.obj
 0001:00008520       ?AfxWndProcDllStatic@@YGJPAUHWND__@@IIJ@Z 10009520 f   mfcs42d:dllmodul.obj
 0001:00008590       ?AfxGetStaticModuleState@@YGPAVAFX_MODULE_STATE@@XZ 10009590 f   mfcs42d:dllmodul.obj
 0001:000085b0       _DllMain@12                100095b0 f   mfcs42d:dllmodul.obj
 0001:00008810       _RawDllMain@12             10009810 f   mfcs42d:dllmodul.obj
 0001:000088b0       __purecall                 100098b0 f   msvcrtd:MSVCRTD.dll
 0001:000088b6       __chkesp                   100098b6 f   msvcrtd:MSVCRTD.dll
 0001:000088bc       ___CxxFrameHandler         100098bc f   msvcrtd:MSVCRTD.dll
 0001:000088d0       __CrtDbgReport             100098d0 f   msvcrtd:MSVCRTD.dll
 0001:000088e0       __alloca_probe             100098e0 f   msvcrtd:chkstk.obj
 0001:000088e0       __chkstk                   100098e0 f   msvcrtd:chkstk.obj
 0001:00008910       _memcmp                    10009910 f   msvcrtd:MSVCRTD.dll
 0001:00008920       ??_M@YGXPAXIHP6EX0@Z@Z     10009920 f   msvcrtd:ehvecdtr.obj
 0001:000089d0       ?__ArrayUnwind@@YGXPAXIHP6EX0@Z@Z 100099d0 f   msvcrtd:ehvecdtr.obj
 0001:00008a80       ??_L@YGXPAXIHP6EX0@Z1@Z    10009a80 f   msvcrtd:ehvecctr.obj
 0001:00008b20       __onexit                   10009b20 f   msvcrtd:atonexit.obj
 0001:00008b60       _atexit                    10009b60 f   msvcrtd:atonexit.obj
 0001:00008b78       _memcpy                    10009b78 f   msvcrtd:MSVCRTD.dll
 0001:00008b7e       __vsnprintf                10009b7e f   msvcrtd:MSVCRTD.dll
 0001:00008b90       __CRT_INIT@12              10009b90 f   msvcrtd:crtdll.obj
 0001:00008ca0       __DllMainCRTStartup@12     10009ca0 f   msvcrtd:crtdll.obj
 0001:00008da0       ??0type_info@@AAE@ABV0@@Z  10009da0 f   msvcrtd:ti_inst.obj
 0001:00008dc0       ??_Gtype_info@@UAEPAXI@Z   10009dc0 f i msvcrtd:ti_inst.obj
 0001:00008dc0       ??_Etype_info@@UAEPAXI@Z   10009dc0 f i msvcrtd:ti_inst.obj
 0001:00008df0       ??4type_info@@AAEAAV0@ABV0@@Z 10009df0 f   msvcrtd:ti_inst.obj
 0001:00008e00       __except_handler3          10009e00 f   msvcrtd:MSVCRTD.dll
 0001:00008e06       ?terminate@@YAXXZ          10009e06 f   msvcrtd:MSVCRTD.dll
 0001:00008e0c       ___dllonexit               10009e0c f   msvcrtd:MSVCRTD.dll
 0001:00008e12       __free_dbg                 10009e12 f   msvcrtd:MSVCRTD.dll
 0001:00008e18       __initterm                 10009e18 f   msvcrtd:MSVCRTD.dll
 0001:00008e1e       __malloc_dbg               10009e1e f   msvcrtd:MSVCRTD.dll
 0001:00008e24       ??1type_info@@UAE@XZ       10009e24 f   msvcrtd:MSVCRTD.dll
 0001:00008e2a       _InitializeCriticalSection@4 10009e2a f   kernel32:KERNEL32.dll
 0001:00008e30       _DeleteCriticalSection@4   10009e30 f   kernel32:KERNEL32.dll
 0001:00008e36       _MultiByteToWideChar@24    10009e36 f   kernel32:KERNEL32.dll
 0001:00008e3c       _lstrlenA@4                10009e3c f   kernel32:KERNEL32.dll
 0001:00008e42       _lstrlenW@4                10009e42 f   kernel32:KERNEL32.dll
 0001:00008e48       _LeaveCriticalSection@4    10009e48 f   kernel32:KERNEL32.dll
 0001:00008e4e       _EnterCriticalSection@4    10009e4e f   kernel32:KERNEL32.dll
 0001:00008e54       _InterlockedIncrement@4    10009e54 f   kernel32:KERNEL32.dll
 0001:00008e5a       _InterlockedDecrement@4    10009e5a f   kernel32:KERNEL32.dll
 0001:00008e60       _WideCharToMultiByte@32    10009e60 f   kernel32:KERNEL32.dll
 0001:00008e66       _GetShortPathNameA@12      10009e66 f   kernel32:KERNEL32.dll
 0001:00008e6c       _GetModuleHandleA@4        10009e6c f   kernel32:KERNEL32.dll
 0001:00008e72       _GetModuleFileNameA@12     10009e72 f   kernel32:KERNEL32.dll
 0001:00008e78       _lstrcmpiA@8               10009e78 f   kernel32:KERNEL32.dll
 0001:00008e7e       _HeapDestroy@4             10009e7e f   kernel32:KERNEL32.dll
 0001:00008e84       _FreeLibrary@4             10009e84 f   kernel32:KERNEL32.dll
 0001:00008e8a       _GetProcAddress@8          10009e8a f   kernel32:KERNEL32.dll
 0001:00008e90       _LoadLibraryA@4            10009e90 f   kernel32:KERNEL32.dll
 0001:00008e96       _lstrcpyA@8                10009e96 f   kernel32:KERNEL32.dll
 0001:00008e9c       _lstrcatA@8                10009e9c f   kernel32:KERNEL32.dll
 0001:00008ea2       _OutputDebugStringA@4      10009ea2 f   kernel32:KERNEL32.dll
 0001:00008ea8       _LocalFree@4               10009ea8 f   kernel32:KERNEL32.dll
 0001:00008eae       _LocalAlloc@8              10009eae f   kernel32:KERNEL32.dll
 0001:00008eb4       _LoadStringA@16            10009eb4 f   user32:USER32.dll
 0001:00008eba       _CharNextA@4               10009eba f   user32:USER32.dll
 0001:00008ec0       _RegCloseKey@4             10009ec0 f   advapi32:ADVAPI32.dll
 0001:00008ec6       _RegOpenKeyExA@20          10009ec6 f   advapi32:ADVAPI32.dll
 0001:00008ecc       _RegCreateKeyExA@36        10009ecc f   advapi32:ADVAPI32.dll
 0001:00008ed2       _RegSetValueExA@24         10009ed2 f   advapi32:ADVAPI32.dll
 0001:00008ed8       _RegEnumKeyExA@32          10009ed8 f   advapi32:ADVAPI32.dll
 0001:00008ede       _RegDeleteKeyA@8           10009ede f   advapi32:ADVAPI32.dll
 0001:00008ee4       ?AfxDllCanUnloadNow@@YGJXZ 10009ee4 f   mfco42d:MFCO42D.DLL
 0001:00008eea       _CoTaskMemFree@4           10009eea f   ole32:ole32.dll
 0001:00008ef0       _StringFromCLSID@8         10009ef0 f   ole32:ole32.dll
 0001:00008ef6       _CoCreateInstance@20       10009ef6 f   ole32:ole32.dll
 0001:00008efc       _SysFreeString@4           10009efc f   oleaut32:OLEAUT32.dll
 0001:00008f02       _SysAllocStringLen@8       10009f02 f   oleaut32:OLEAUT32.dll
 0001:00008f08       _SysAllocString@4          10009f08 f   oleaut32:OLEAUT32.dll
 0001:00008f0e       _VariantClear@4            10009f0e f   oleaut32:OLEAUT32.dll
 0001:00008f14       _LoadRegTypeLib@20         10009f14 f   oleaut32:OLEAUT32.dll
 0001:00008f1a       _SysStringLen@4            10009f1a f   oleaut32:OLEAUT32.dll
 0001:00008f20       _GetErrorInfo@8            10009f20 f   oleaut32:OLEAUT32.dll
 0001:00008f26       _LoadTypeLib@8             10009f26 f   oleaut32:OLEAUT32.dll
 0001:00008f2c       _RegisterTypeLib@12        10009f2c f   oleaut32:OLEAUT32.dll
 0001:00008f32       ??0AFX_MODULE_STATE@@QAE@HP6GJPAUHWND__@@IIJ@ZK@Z 10009f32 f   mfc42d:MFC42D.DLL
 0001:00008f38       ??3CNoTrackObject@@SGXPAX@Z 10009f38 f   mfc42d:MFC42D.DLL
 0001:00008f3e       ??1AFX_MODULE_STATE@@UAE@XZ 10009f3e f   mfc42d:MFC42D.DLL
 0001:00008f44       ?AfxWndProc@@YGJPAUHWND__@@IIJ@Z 10009f44 f   mfc42d:MFC42D.DLL
 0001:00008f4a       ?AfxTermThread@@YGXPAUHINSTANCE__@@@Z 10009f4a f   mfc42d:MFC42D.DLL
 0001:00008f50       ?AfxTermExtensionModule@@YGXAAUAFX_EXTENSION_MODULE@@H@Z 10009f50 f   mfc42d:MFC42D.DLL
 0001:00008f56       ?AfxUnlockTempMaps@@YGHH@Z 10009f56 f   mfc42d:MFC42D.DLL
 0001:00008f5c       ?AfxLockTempMaps@@YGXXZ    10009f5c f   mfc42d:MFC42D.DLL
 0001:00008f62       ?AfxTrace@@YAXPBDZZ        10009f62 f   mfc42d:MFC42D.DLL
 0001:00008f68       ?AfxGetModuleThreadState@@YGPAVAFX_MODULE_THREAD_STATE@@XZ 10009f68 f   mfc42d:MFC42D.DLL
 0001:00008f6e       ?AfxSetModuleState@@YGPAVAFX_MODULE_STATE@@PAV1@@Z 10009f6e f   mfc42d:MFC42D.DLL
 0001:00008f74       ??0CDynLinkLibrary@@QAE@AAUAFX_EXTENSION_MODULE@@H@Z 10009f74 f   mfc42d:MFC42D.DLL
 0001:00008f7a       ??2CObject@@SGPAXIPBDH@Z   10009f7a f   mfc42d:MFC42D.DLL
 0001:00008f80       ?AfxInitExtensionModule@@YGHAAUAFX_EXTENSION_MODULE@@PAUHINSTANCE__@@@Z 10009f80 f   mfc42d:MFC42D.DLL
 0001:00008f86       ?AfxGetApp@@YGPAVCWinApp@@XZ 10009f86 f   mfc42d:MFC42D.DLL
 0001:00008f8c       ?AfxWinTerm@@YGXXZ         10009f8c f   mfc42d:MFC42D.DLL
 0001:00008f92       ?AfxWinInit@@YGHPAUHINSTANCE__@@0PADH@Z 10009f92 f   mfc42d:MFC42D.DLL
 0001:00008f98       ?AfxGetThreadState@@YGPAV_AFX_THREAD_STATE@@XZ 10009f98 f   mfc42d:MFC42D.DLL
 0001:00008f9e       ?AfxCoreInitModule@@YGXXZ  10009f9e f   mfc42d:MFC42D.DLL
 0002:00000054       ??_7CCommands@@6B@         1000b054     Commands.obj
 0002:00000078       ??_C@_0BN@HEDF@There?5are?5no?5loaded?5projects?$AA@ 1000b078     Commands.obj
 0002:00000098       ??_C@_0CO@FMEL@Error?3?5Active?5project?5is?5not?5a?5B@ 1000b098     Commands.obj
 0002:000000c8       ??_C@_0CI@IHMJ@Unable?5to?5add?5file?5to?5the?5Active@ 1000b0c8     Commands.obj
 0002:000000f0       ??_C@_05JKEL@Build?$AA@    1000b0f0     Commands.obj
 0002:000000f8       ??_C@_0CI@JMBJ@Unable?5to?5obtain?5the?5ActiveProje@ 1000b0f8     Commands.obj
 0002:00000120       ??_C@_0CL@DNMI@Unable?5to?5obtain?5the?5ActiveProje@ 1000b120     Commands.obj
 0002:0000014c       ??_C@_0BF@PJLN@All?5Files?$CI?$CK?4?$CK?$CJ?$AA?$CK?4?$CK?$AA?$AA?$AA@ 1000b14c     Commands.obj
 0002:00000164       ??_C@_0BF@EDGF@Add?5Files?5To?5Project?$AA@ 1000b164     Commands.obj
 0002:0000017c       ??_C@_0DJ@IEHC@Unable?5to?5obtain?5the?5number?5of?5p@ 1000b17c     Commands.obj
 0002:000001b8       ??_C@_0CI@IJDI@Unable?5to?5obtain?5the?5IProject?8s?5@ 1000b1b8     Commands.obj
 0002:000001e0       ??_C@_0BJ@EEGG@Object?5call?5returned?5?$CFlx?$AA@ 1000b1e0     Commands.obj
 0002:000001fc       ??_C@_0CL@HNDC@E?3?2software?2filetool?2FileTool?2Co@ 1000b1fc     Commands.obj
 0002:00000228       ??_C@_0BN@OCJG@Object?5call?5returned?5?$CFlx?6?6?$CFS?$AA@ 1000b228     Commands.obj
 0002:00000248       ??_C@_0BP@KEJF@Unable?5to?5obtain?5open?5the?5file?$AA@ 1000b248     Commands.obj
 0002:00000268       ??_C@_04DEAH@Auto?$AA@     1000b268     Commands.obj
 0002:00000270       ??_C@_0CJ@CLOI@Unable?5to?5obtain?5the?5IDocument?8s@ 1000b270     Commands.obj
 0002:0000029c       ??_C@_09EBAC@Open?5File?$AA@ 1000b29c     Commands.obj
 0002:000002a8       ??_C@_0EE@NHIB@e?3?2program?5files?2microsoft?5visua@ 1000b2a8     Commands.obj
 0002:000002ec       ??_C@_04PPJP@p?$DN?$DN0?$AA@ 1000b2ec     Commands.obj
 0002:000002f4       ??_C@_04GBK@p?$CB?$DN0?$AA@ 1000b2f4     Commands.obj
 0002:000002fc       ??_C@_08NDGO@lpw?5?$CB?$DN?50?$AA@ 1000b2fc     Commands.obj
 0002:00000308       ??_C@_0EE@JLCO@e?3?2program?5files?2microsoft?5visua@ 1000b308     Commands.obj
 0002:0000034c       ??_C@_08PEKM@lpa?5?$CB?$DN?50?$AA@ 1000b34c     Commands.obj
 0002:00000358       ??_C@_0BF@PEDK@?$CI?$CIHRESULT?$CJ?$CIhr?$CJ?5?$DO?$DN?50?$CJ?$AA@ 1000b358     Commands.obj
 0002:00000370       ??_C@_0GE@GJL@?$CBInlineIsEqualGUID?$CI?$CKm_plibid?0?5GU@ 1000b370     Commands.obj
 0002:000003d4       ??_C@_0DG@JHIG@Did?5you?5forget?5to?5pass?5the?5LIBID@ 1000b3d4     Commands.obj
 0002:0000040c       ??_C@_0ED@GPOI@e?3?2program?5files?2microsoft?5visua@ 1000b40c     Commands.obj
 0002:00000450       ??_C@_0BO@DCCL@m_plibid?5?$CB?$DN?50?5?$CG?$CG?5m_pguid?5?$CB?$DN?50?$AA@ 1000b450     Commands.obj
 0002:00000470       ??_C@_0L@FGIH@m_str?5?$DN?$DN?50?$AA@ 1000b470     Commands.obj
 0002:0000047c       ??_C@_08BGOP@OpenFile?$AA@ 1000b47c     DSAddIn.obj
 0002:00000488       ??_C@_0BB@IDDB@AddFileToProject?$AA@ 1000b488     DSAddIn.obj
 0002:0000049c       ??_C@_0CK@KFIP@E?3?2software?2filetool?2FileTool?2DS@ 1000b49c     DSAddIn.obj
 0002:000004c8       ??_C@_07FELH@pp?5?$CB?$DN?50?$AA@ 1000b4c8     DSAddIn.obj
 0002:000004d0       ??_7?$CComObject@VCCommands@@@ATL@@6B@ 1000b4d0     DSAddIn.obj
 0002:000004f8       ?_entries@?1??_GetEntries@CCommands@@SGPBU_ATL_INTMAP_ENTRY@ATL@@XZ@4QBU34@B 1000b4f8     DSAddIn.obj
 0002:0000051c       ??_C@_0P@LIK@m_dwRef?5?$CB?$DN?5?91L?$AA@ 1000b51c     DSAddIn.obj
 0002:0000052c       ??_C@_0M@MFLM@m_dwRef?5?$DO?50?$AA@ 1000b52c     DSAddIn.obj
 0002:00000538       ??_C@_0CN@FAHF@pEntries?9?$DOpFunc?5?$DN?$DN?5?$CI?$CI_ATL_CREATO@ 1000b538     DSAddIn.obj
 0002:00000568       ??_C@_0L@FNGA@pThis?5?$CB?$DN?50?$AA@ 1000b568     DSAddIn.obj
 0002:00000574       ??_C@_07OGJB@?$CBbBlind?$AA@ 1000b574     DSAddIn.obj
 0002:0000057c       ??_C@_0N@MCJJ@m_dwRef?5?$DN?$DN?50?$AA@ 1000b57c     DSAddIn.obj
 0002:00000590       _IID_IDSAddIn              1000b590     FileTool.obj
 0002:000005a0       _IID_IApplication          1000b5a0     FileTool.obj
 0002:000005b0       _IID_IApplicationEvents    1000b5b0     FileTool.obj
 0002:000005c0       _CLSID_Application         1000b5c0     FileTool.obj
 0002:000005d0       _IID_IGenericDocument      1000b5d0     FileTool.obj
 0002:000005e0       _IID_IDocuments            1000b5e0     FileTool.obj
 0002:000005f0       _IID_IGenericWindow        1000b5f0     FileTool.obj
 0002:00000600       _IID_IWindows              1000b600     FileTool.obj
 0002:00000610       _IID_IGenericProject       1000b610     FileTool.obj
 0002:00000620       _IID_IProjects             1000b620     FileTool.obj
 0002:00000630       _IID_IBuildProject         1000b630     FileTool.obj
 0002:00000640       _IID_IConfiguration        1000b640     FileTool.obj
 0002:00000650       _IID_IConfigurations       1000b650     FileTool.obj
 0002:00000660       _IID_ITextDocument         1000b660     FileTool.obj
 0002:00000670       _IID_ITextSelection        1000b670     FileTool.obj
 0002:00000680       _IID_ITextWindow           1000b680     FileTool.obj
 0002:00000690       _IID_ITextEditor           1000b690     FileTool.obj
 0002:000006a0       _IID_IDebugger             1000b6a0     FileTool.obj
 0002:000006b0       _IID_IDebuggerEvents       1000b6b0     FileTool.obj
 0002:000006c0       _IID_IBreakpoint           1000b6c0     FileTool.obj
 0002:000006d0       _IID_IBreakpoints          1000b6d0     FileTool.obj
 0002:000006e0       _LIBID_FileTool            1000b6e0     FileTool.obj
 0002:000006f0       _IID_ICommands             1000b6f0     FileTool.obj
 0002:00000700       _CLSID_Commands            1000b700     FileTool.obj
 0002:00000710       _CLSID_DSAddIn             1000b710     FileTool.obj
 0002:00000720       ?messageMap@CFileToolApp@@1UAFX_MSGMAP@@B 1000b720     FileTool.obj
 0002:00000728       ?_messageEntries@CFileToolApp@@0QBUAFX_MSGMAP_ENTRY@@B 1000b728     FileTool.obj
 0002:00000740       ??_C@_0BD@BFIN@FileTool?4DSAddIn?41?$AA@ 1000b740     FileTool.obj
 0002:00000754       ??_C@_0CB@LOAK@FILETOOL?5Developer?5Studio?5Add?9in@ 1000b754     FileTool.obj
 0002:00000778       ??_7CFileToolApp@@6B@      1000b778     FileTool.obj
 0002:0000081c       ??_C@_0M@DKEL@Description?$AA@ 1000b81c     FileTool.obj
 0002:00000828       ??_C@_05FGFK@CLSID?$AA@    1000b828     FileTool.obj
 0002:00000830       ??_C@_09JAME@?$CKppv?5?$DN?$DN?50?$AA@ 1000b830     FileTool.obj
 0002:0000083c       ??_7?$CComObjectCached@VCComClassFactory@ATL@@@ATL@@6B@ 1000b83c     FileTool.obj
 0002:00000850       ??_7CComClassFactory@ATL@@6B@ 1000b850     FileTool.obj
 0002:00000864       ??_7?$CComObject@VCDSAddIn@@@ATL@@6B@ 1000b864     FileTool.obj
 0002:00000878       ??_7CDSAddIn@@6B@          1000b878     FileTool.obj
 0002:0000088c       ??_7IDSAddIn@@6B@          1000b88c     FileTool.obj
 0002:000008a0       ?_entries@?1??_GetEntries@CDSAddIn@@SGPBU_ATL_INTMAP_ENTRY@ATL@@XZ@4QBU34@B 1000b8a0     FileTool.obj
 0002:000008b8       ??_C@_0L@KAIA@lRes?5?$DN?$DN?50L?$AA@ 1000b8b8     FileTool.obj
 0002:000008c4       ??_C@_0BA@IPJB@hKeyParent?5?$CB?$DN?50?$AA@ 1000b8c4     FileTool.obj
 0002:000008d4       ??_C@_0P@IKMD@lpszValue?5?$CB?$DN?50?$AA@ 1000b8d4     FileTool.obj
 0002:000008e4       ??_C@_0M@HBEP@m_hKey?5?$CB?$DN?50?$AA@ 1000b8e4     FileTool.obj
 0002:000008f0       ?szThreadingModel@?1??RegisterClassHelper@CComModule@ATL@@QAGJABU_GUID@@PBD1IK@Z@4QBDB 1000b8f0     FileTool.obj
 0002:00000900       ?szApartment@?1??RegisterClassHelper@CComModule@ATL@@QAGJABU_GUID@@PBD1IK@Z@4QBDB 1000b900     FileTool.obj
 0002:0000090c       ?szBoth@?1??RegisterClassHelper@CComModule@ATL@@QAGJABU_GUID@@PBD1IK@Z@4QBDB 1000b90c     FileTool.obj
 0002:00000914       ?szIPS32@?1??RegisterClassHelper@CComModule@ATL@@QAGJABU_GUID@@PBD1IK@Z@4QBDB 1000b914     FileTool.obj
 0002:00000924       ?szAUTPRX32@?1??RegisterClassHelper@CComModule@ATL@@QAGJABU_GUID@@PBD1IK@Z@4QBDB 1000b924     FileTool.obj
 0002:00000934       ?szLS32@?1??RegisterClassHelper@CComModule@ATL@@QAGJABU_GUID@@PBD1IK@Z@4QBDB 1000b934     FileTool.obj
 0002:00000944       ?szVIProgID@?1??RegisterClassHelper@CComModule@ATL@@QAGJABU_GUID@@PBD1IK@Z@4QBDB 1000b944     FileTool.obj
 0002:00000960       ?szProgID@?1??RegisterClassHelper@CComModule@ATL@@QAGJABU_GUID@@PBD1IK@Z@4QBDB 1000b960     FileTool.obj
 0002:00000968       ??_C@_00A@?$AA@            1000b968     FileTool.obj
 0002:0000096c       ??_C@_0M@JLLG@m_hKey?5?$DN?$DN?50?$AA@ 1000b96c     FileTool.obj
 0002:00000978       ??_C@_0CC@PFAC@pM?9?$DOcbSize?5?$DN?$DN?5sizeof?$CI_ATL_MODULE@ 1000b978     FileTool.obj
 0002:0000099c       ??_C@_07NEJA@pM?5?$CB?$DN?50?$AA@ 1000b99c     FileTool.obj
 0002:000009a4       ??_C@_0BD@LILG@pM?9?$DOm_pObjMap?5?$CB?$DN?50?$AA@ 1000b9a4     FileTool.obj
 0002:000009b8       ??_C@_0BB@FNKO@pM?9?$DOm_hInst?5?$CB?$DN?50?$AA@ 1000b9b8     FileTool.obj
 0002:000009cc       ??_C@_0BD@GEAG@pEntry?9?$DOiType?5?$DN?$DN?52?$AA@ 1000b9cc     FileTool.obj
 0002:000009e0       ??_C@_0BC@FJNM@UnRegisterTypeLib?$AA@ 1000b9e0     FileTool.obj
 0002:000009f4       ??_C@_0N@JLHD@oleaut32?4dll?$AA@ 1000b9f4     FileTool.obj
 0002:00000a04       ??_C@_04MDHG@?4tlb?$AA@    1000ba04     FileTool.obj
 0002:00000a0c       ??_C@_0BI@IMPG@pM?9?$DOm_hInstTypeLib?5?$CB?$DN?50?$AA@ 1000ba0c     FileTool.obj
 0002:00000a24       ??_C@_0BC@IPBJ@lpszPathName?5?$CB?$DN?50?$AA@ 1000ba24     FileTool.obj
 0002:00000a38       ?_entries@?1??_GetEntries@CComClassFactory@ATL@@SGPBU_ATL_INTMAP_ENTRY@3@XZ@4QBU43@B 1000ba38     FileTool.obj
 0002:00000a50       ??_C@_0FH@HFKE@CComClassFactory?3?5asked?5for?5non?5@ 1000ba50     FileTool.obj
 0002:00000aa8       ??_C@_0BJ@KNCJ@m_pfnCreateInstance?5?$CB?$DN?50?$AA@ 1000baa8     FileTool.obj
 0002:00000ac4       ??_C@_05BFMC@ATL?3?5?$AA@  1000bac4     FileTool.obj
 0002:00000acc       ??_C@_0BI@CIAH@nBuf?5?$DM?5sizeof?$CIszBuffer?$CJ?$AA@ 1000bacc     FileTool.obj
 0002:00000ae8       _IID_IDocHostUIHandlerDispatch 1000bae8     StdAfx.obj
 0002:00000af8       _IID_IInternalConnection   1000baf8     StdAfx.obj
 0002:00000b08       _IID_IAxWinAmbientDispatch 1000bb08     StdAfx.obj
 0002:00000b18       _IID_IAxWinHostWindow      1000bb18     StdAfx.obj
 0002:00000b28       _IID_IRegistrar            1000bb28     StdAfx.obj
 0002:00000b38       _CLSID_Registrar           1000bb38     StdAfx.obj
 0002:00000b48       _LIBID_ATLLib              1000bb48     StdAfx.obj
 0002:00000b5c       ??_7_AFX_DLL_MODULE_STATE@@6B@ 1000bb5c     mfcs42d:dllmodul.obj
 0002:00000b60       ??_C@_0CO@PDHE@Warning?3?5Temp?5map?5lock?5count?5non@ 1000bb60     mfcs42d:dllmodul.obj
 0002:00000bbc       ??_C@_08JKC@crtdll?4c?$AA@ 1000bbbc     msvcrtd:crtdll.obj
 0002:00000bcc       ??_7type_info@@6B@         1000bbcc     msvcrtd:ti_inst.obj
 0002:00000bd0       _GUID_NULL                 1000bbd0     uuid:cguid_i_guid0.obj
 0002:00000be0       _IID_IUnknown              1000bbe0     uuid:unknwn_i_guid0.obj
 0002:00000bf0       _CLSID_StdComponentCategoriesMgr 1000bbf0     uuid:guids_guid180.obj
 0002:00000c00       _IID_ICatRegister          1000bc00     uuid:comcat_i_guid2.obj
 0002:00000c10       ??_R1A@?0A@A@CNoTrackObject@@8 1000bc10     mfcs42d:dllmodul.obj
 0002:00000c28       ??_R1A@?0A@A@AFX_MODULE_STATE@@8 1000bc28     mfcs42d:dllmodul.obj
 0002:00000c40       ??_R1A@?0A@A@_AFX_DLL_MODULE_STATE@@8 1000bc40     mfcs42d:dllmodul.obj
 0002:00000c58       ??_R2_AFX_DLL_MODULE_STATE@@8 1000bc58     mfcs42d:dllmodul.obj
 0002:00000c68       ??_R3_AFX_DLL_MODULE_STATE@@8 1000bc68     mfcs42d:dllmodul.obj
 0002:00000c78       ??_R4_AFX_DLL_MODULE_STATE@@6B@ 1000bc78     mfcs42d:dllmodul.obj
 0002:00000c90       ??_R1A@?0A@A@type_info@@8  1000bc90     msvcrtd:ti_inst.obj
 0002:00000ca8       ??_R2type_info@@8          1000bca8     msvcrtd:ti_inst.obj
 0002:00000cb0       ??_R3type_info@@8          1000bcb0     msvcrtd:ti_inst.obj
 0002:00000cc0       ??_R4type_info@@6B@        1000bcc0     msvcrtd:ti_inst.obj
 0003:00000000       ___xc_a                    1000d000     msvcrtd:cinitexe.obj
 0003:0000000c       ___xc_z                    1000d00c     msvcrtd:cinitexe.obj
 0003:00000010       ___xi_a                    1000d010     msvcrtd:cinitexe.obj
 0003:00000014       ___xi_z                    1000d014     msvcrtd:cinitexe.obj
 0003:0000004c       ?__LINE__Var@?1???1CCommands@@QAE@XZ@4FA 1000d04c     Commands.obj
 0003:00000050       ?__LINE__Var@?1??AddFileToProject@CCommands@@UAGJXZ@4FA 1000d050     Commands.obj
 0003:00000058       ?_tih@?$IDispatchImpl@UICommands@@$1?IID_ICommands@@3U_GUID@@B$1?LIBID_FileTool@@3U3@B$00$0A@VCComTypeInfoHolder@ATL@@@ATL@@1VCComTypeInfoHolder@2@A 1000d058     Commands.obj
 0003:00000078       __GUID_00020412_0000_0000_c000_000000000046 1000d078     Commands.obj
 0003:000000b4       ?__LINE__Var@?1??OnConnection@CDSAddIn@@UAGJPAUIApplication@@FJPAF@Z@4FA 1000d0b4     DSAddIn.obj
 0003:000000b8       __GUID_33a4eac2_a4da_11d2_91a2_00a0c9d136d1 1000d0b8     DSAddIn.obj
 0003:000000c8       __GUID_00020400_0000_0000_c000_000000000046 1000d0c8     DSAddIn.obj
 0003:00000150       ?GUID_ATLVer30@ATL@@3U_GUID@@A 1000d150     FileTool.obj
 0003:00000160       __GUID_c0002f81_ae2e_11cf_ad07_00a0c9034965 1000d160     FileTool.obj
 0003:00000170       __GUID_00000001_0000_0000_c000_000000000046 1000d170     FileTool.obj
 0003:00000190       __pRawDllMain              1000d190     mfcs42d:dllmodul.obj
 0003:00000198       ??_R0?AVCNoTrackObject@@@8 1000d198     mfcs42d:dllmodul.obj
 0003:000001b8       ??_R0?AVAFX_MODULE_STATE@@@8 1000d1b8     mfcs42d:dllmodul.obj
 0003:000001d8       ??_R0?AV_AFX_DLL_MODULE_STATE@@@8 1000d1d8     mfcs42d:dllmodul.obj
 0003:00000200       ??_R0?AVtype_info@@@8      1000d200     msvcrtd:ti_inst.obj
 0003:00000218       ?m_libid@CComModule@ATL@@2U_GUID@@A 1000d218     FileTool.obj
 0003:00000228       ?_pModule@ATL@@3PAVCComModule@1@A 1000d228     FileTool.obj
 0003:00000230       ?theApp@@3VCFileToolApp@@A 1000d230     FileTool.obj
 0003:000002f8       ?_Module@@3VCComModule@ATL@@A 1000d2f8     FileTool.obj
 0003:0000037c       ?ATL_CREATE_OBJECT@CComApartment@ATL@@2IA 1000d37c     StdAfx.obj
 0003:00000380       __afxForceEXCLUDE          1000d380     mfcs42d:nolib.obj
 0003:0000142c       __afxForceUSRDLL           1000e42c     mfcs42d:dllmodul.obj
 0003:00001430       __afxForceSTDAFX           1000e430     mfcs42d:stdafx.obj
 0003:00001438       __adjust_fdiv              1000e438     <common>
 0003:0000143c       ___onexitend               1000e43c     <common>
 0003:00001440       ___onexitbegin             1000e440     <common>
 0004:00000000       __IMPORT_DESCRIPTOR_MFC42D 1000f000     mfc42d:MFC42D.DLL
 0004:00000014       __IMPORT_DESCRIPTOR_MSVCRTD 1000f014     msvcrtd:MSVCRTD.dll
 0004:00000028       __IMPORT_DESCRIPTOR_KERNEL32 1000f028     kernel32:KERNEL32.dll
 0004:0000003c       __IMPORT_DESCRIPTOR_USER32 1000f03c     user32:USER32.dll
 0004:00000050       __IMPORT_DESCRIPTOR_ADVAPI32 1000f050     advapi32:ADVAPI32.dll
 0004:00000064       __IMPORT_DESCRIPTOR_MFCO42D 1000f064     mfco42d:MFCO42D.DLL
 0004:00000078       __IMPORT_DESCRIPTOR_ole32  1000f078     ole32:ole32.dll
 0004:0000008c       __IMPORT_DESCRIPTOR_OLEAUT32 1000f08c     oleaut32:OLEAUT32.dll
 0004:000000a0       __NULL_IMPORT_DESCRIPTOR   1000f0a0     mfc42d:MFC42D.DLL
 0004:0000030c       __imp__RegDeleteKeyA@8     1000f30c     advapi32:ADVAPI32.dll
 0004:00000310       __imp__RegSetValueExA@24   1000f310     advapi32:ADVAPI32.dll
 0004:00000314       __imp__RegCreateKeyExA@36  1000f314     advapi32:ADVAPI32.dll
 0004:00000318       __imp__RegOpenKeyExA@20    1000f318     advapi32:ADVAPI32.dll
 0004:0000031c       __imp__RegCloseKey@4       1000f31c     advapi32:ADVAPI32.dll
 0004:00000320       __imp__RegEnumKeyExA@32    1000f320     advapi32:ADVAPI32.dll
 0004:00000324       \177ADVAPI32_NULL_THUNK_DATA 1000f324     advapi32:ADVAPI32.dll
 0004:00000328       __imp__LocalFree@4         1000f328     kernel32:KERNEL32.dll
 0004:0000032c       __imp__OutputDebugStringA@4 1000f32c     kernel32:KERNEL32.dll
 0004:00000330       __imp__lstrcatA@8          1000f330     kernel32:KERNEL32.dll
 0004:00000334       __imp__lstrcpyA@8          1000f334     kernel32:KERNEL32.dll
 0004:00000338       __imp__LoadLibraryA@4      1000f338     kernel32:KERNEL32.dll
 0004:0000033c       __imp__GetProcAddress@8    1000f33c     kernel32:KERNEL32.dll
 0004:00000340       __imp__FreeLibrary@4       1000f340     kernel32:KERNEL32.dll
 0004:00000344       __imp__HeapDestroy@4       1000f344     kernel32:KERNEL32.dll
 0004:00000348       __imp__lstrcmpiA@8         1000f348     kernel32:KERNEL32.dll
 0004:0000034c       __imp__GetModuleFileNameA@12 1000f34c     kernel32:KERNEL32.dll
 0004:00000350       __imp__GetModuleHandleA@4  1000f350     kernel32:KERNEL32.dll
 0004:00000354       __imp__GetShortPathNameA@12 1000f354     kernel32:KERNEL32.dll
 0004:00000358       __imp__WideCharToMultiByte@32 1000f358     kernel32:KERNEL32.dll
 0004:0000035c       __imp__InterlockedDecrement@4 1000f35c     kernel32:KERNEL32.dll
 0004:00000360       __imp__InterlockedIncrement@4 1000f360     kernel32:KERNEL32.dll
 0004:00000364       __imp__EnterCriticalSection@4 1000f364     kernel32:KERNEL32.dll
 0004:00000368       __imp__LeaveCriticalSection@4 1000f368     kernel32:KERNEL32.dll
 0004:0000036c       __imp__lstrlenW@4          1000f36c     kernel32:KERNEL32.dll
 0004:00000370       __imp__lstrlenA@4          1000f370     kernel32:KERNEL32.dll
 0004:00000374       __imp__MultiByteToWideChar@24 1000f374     kernel32:KERNEL32.dll
 0004:00000378       __imp__DeleteCriticalSection@4 1000f378     kernel32:KERNEL32.dll
 0004:0000037c       __imp__InitializeCriticalSection@4 1000f37c     kernel32:KERNEL32.dll
 0004:00000380       __imp__LocalAlloc@8        1000f380     kernel32:KERNEL32.dll
 0004:00000384       \177KERNEL32_NULL_THUNK_DATA 1000f384     kernel32:KERNEL32.dll
 0004:00000388       __imp_?GetMainWnd@CWinThread@@UAEPAVCWnd@@XZ 1000f388     mfc42d:MFC42D.DLL
 0004:0000038c       __imp_?ProcessMessageFilter@CWinThread@@UAEHHPAUtagMSG@@@Z 1000f38c     mfc42d:MFC42D.DLL
 0004:00000390       __imp_?ProcessWndProcException@CWinApp@@UAEJPAVCException@@PBUtagMSG@@@Z 1000f390     mfc42d:MFC42D.DLL
 0004:00000394       __imp_?IsIdleMessage@CWinThread@@UAEHPAUtagMSG@@@Z 1000f394     mfc42d:MFC42D.DLL
 0004:00000398       __imp_?OnIdle@CWinApp@@UAEHJ@Z 1000f398     mfc42d:MFC42D.DLL
 0004:0000039c       __imp_?PumpMessage@CWinThread@@UAEHXZ 1000f39c     mfc42d:MFC42D.DLL
 0004:000003a0       __imp_?PreTranslateMessage@CWinThread@@UAEHPAUtagMSG@@@Z 1000f3a0     mfc42d:MFC42D.DLL
 0004:000003a4       __imp_?Run@CWinApp@@UAEHXZ 1000f3a4     mfc42d:MFC42D.DLL
 0004:000003a8       __imp_?GetConnectionHook@CCmdTarget@@MAEPAUIConnectionPoint@@ABU_GUID@@@Z 1000f3a8     mfc42d:MFC42D.DLL
 0004:000003ac       __imp_?GetExtraConnectionPoints@CCmdTarget@@MAEHPAVCPtrArray@@@Z 1000f3ac     mfc42d:MFC42D.DLL
 0004:000003b0       __imp_?GetInterfaceHook@CCmdTarget@@UAEPAUIUnknown@@PBX@Z 1000f3b0     mfc42d:MFC42D.DLL
 0004:000003b4       __imp_?OnCreateAggregates@CCmdTarget@@UAEHXZ 1000f3b4     mfc42d:MFC42D.DLL
 0004:000003b8       __imp_?GetEventSinkMap@CCmdTarget@@MBEPBUAFX_EVENTSINKMAP@@XZ 1000f3b8     mfc42d:MFC42D.DLL
 0004:000003bc       __imp_?GetInterfaceMap@CCmdTarget@@MBEPBUAFX_INTERFACEMAP@@XZ 1000f3bc     mfc42d:MFC42D.DLL
 0004:000003c0       __imp_?GetConnectionMap@CCmdTarget@@MBEPBUAFX_CONNECTIONMAP@@XZ 1000f3c0     mfc42d:MFC42D.DLL
 0004:000003c4       __imp_?GetDispatchMap@CCmdTarget@@MBEPBUAFX_DISPMAP@@XZ 1000f3c4     mfc42d:MFC42D.DLL
 0004:000003c8       __imp_?GetCommandMap@CCmdTarget@@MBEPBUAFX_OLECMDMAP@@XZ 1000f3c8     mfc42d:MFC42D.DLL
 0004:000003cc       __imp_?GetTypeLib@CCmdTarget@@UAEJKPAPAUITypeLib@@@Z 1000f3cc     mfc42d:MFC42D.DLL
 0004:000003d0       __imp_?GetTypeLibCache@CCmdTarget@@UAEPAVCTypeLibCache@@XZ 1000f3d0     mfc42d:MFC42D.DLL
 0004:000003d4       __imp_?GetTypeInfoCount@CCmdTarget@@UAEIXZ 1000f3d4     mfc42d:MFC42D.DLL
 0004:000003d8       __imp_?GetDispatchIID@CCmdTarget@@UAEHPAU_GUID@@@Z 1000f3d8     mfc42d:MFC42D.DLL
 0004:000003dc       __imp_?IsInvokeAllowed@CCmdTarget@@UAEHJ@Z 1000f3dc     mfc42d:MFC42D.DLL
 0004:000003e0       __imp_?OnFinalRelease@CCmdTarget@@UAEXXZ 1000f3e0     mfc42d:MFC42D.DLL
 0004:000003e4       __imp_?OnCmdMsg@CCmdTarget@@UAEHIHPAXPAUAFX_CMDHANDLERINFO@@@Z 1000f3e4     mfc42d:MFC42D.DLL
 0004:000003e8       __imp_?Delete@CWinThread@@UAEXXZ 1000f3e8     mfc42d:MFC42D.DLL
 0004:000003ec       __imp_??1CString@@QAE@XZ   1000f3ec     mfc42d:MFC42D.DLL
 0004:000003f0       __imp_?Serialize@CObject@@UAEXAAVCArchive@@@Z 1000f3f0     mfc42d:MFC42D.DLL
 0004:000003f4       __imp_?GetRuntimeClass@CWinApp@@UBEPAUCRuntimeClass@@XZ 1000f3f4     mfc42d:MFC42D.DLL
 0004:000003f8       __imp_??0CWinApp@@QAE@PBD@Z 1000f3f8     mfc42d:MFC42D.DLL
 0004:000003fc       __imp_??3CObject@@SGXPAX@Z 1000f3fc     mfc42d:MFC42D.DLL
 0004:00000400       __imp_?InitInstance@CWinApp@@UAEHXZ 1000f400     mfc42d:MFC42D.DLL
 0004:00000404       __imp_?ExitInstance@CWinApp@@UAEHXZ 1000f404     mfc42d:MFC42D.DLL
 0004:00000408       __imp_?AfxGetThreadState@@YGPAV_AFX_THREAD_STATE@@XZ 1000f408     mfc42d:MFC42D.DLL
 0004:0000040c       __imp_?AfxWinInit@@YGHPAUHINSTANCE__@@0PADH@Z 1000f40c     mfc42d:MFC42D.DLL
 0004:00000410       __imp_?AfxWinTerm@@YGXXZ   1000f410     mfc42d:MFC42D.DLL
 0004:00000414       __imp_?AfxGetApp@@YGPAVCWinApp@@XZ 1000f414     mfc42d:MFC42D.DLL
 0004:00000418       __imp_?AfxInitExtensionModule@@YGHAAUAFX_EXTENSION_MODULE@@PAUHINSTANCE__@@@Z 1000f418     mfc42d:MFC42D.DLL
 0004:0000041c       __imp_??2CObject@@SGPAXIPBDH@Z 1000f41c     mfc42d:MFC42D.DLL
 0004:00000420       __imp_??0CDynLinkLibrary@@QAE@AAUAFX_EXTENSION_MODULE@@H@Z 1000f420     mfc42d:MFC42D.DLL
 0004:00000424       __imp_?AfxSetModuleState@@YGPAVAFX_MODULE_STATE@@PAV1@@Z 1000f424     mfc42d:MFC42D.DLL
 0004:00000428       __imp_?AfxGetModuleThreadState@@YGPAVAFX_MODULE_THREAD_STATE@@XZ 1000f428     mfc42d:MFC42D.DLL
 0004:0000042c       __imp_?AfxTrace@@YAXPBDZZ  1000f42c     mfc42d:MFC42D.DLL
 0004:00000430       __imp_?AfxLockTempMaps@@YGXXZ 1000f430     mfc42d:MFC42D.DLL
 0004:00000434       __imp_?AfxCoreInitModule@@YGXXZ 1000f434     mfc42d:MFC42D.DLL
 0004:00000438       __imp_?AfxUnlockTempMaps@@YGHH@Z 1000f438     mfc42d:MFC42D.DLL
 0004:0000043c       __imp_?AfxTermExtensionModule@@YGXAAUAFX_EXTENSION_MODULE@@H@Z 1000f43c     mfc42d:MFC42D.DLL
 0004:00000440       __imp_?AfxTermThread@@YGXPAUHINSTANCE__@@@Z 1000f440     mfc42d:MFC42D.DLL
 0004:00000444       __imp_?AfxWndProc@@YGJPAUHWND__@@IIJ@Z 1000f444     mfc42d:MFC42D.DLL
 0004:00000448       __imp_??1AFX_MODULE_STATE@@UAE@XZ 1000f448     mfc42d:MFC42D.DLL
 0004:0000044c       __imp_?OpenDocumentFile@CWinApp@@UAEPAVCDocument@@PBD@Z 1000f44c     mfc42d:MFC42D.DLL
 0004:00000450       __imp_?AddToRecentFileList@CWinApp@@UAEXPBD@Z 1000f450     mfc42d:MFC42D.DLL
 0004:00000454       __imp_?InitApplication@CWinApp@@UAEHXZ 1000f454     mfc42d:MFC42D.DLL
 0004:00000458       __imp_?SaveAllModified@CWinApp@@UAEHXZ 1000f458     mfc42d:MFC42D.DLL
 0004:0000045c       __imp_?DoMessageBox@CWinApp@@UAEHPBDII@Z 1000f45c     mfc42d:MFC42D.DLL
 0004:00000460       __imp_?DoWaitCursor@CWinApp@@UAEXH@Z 1000f460     mfc42d:MFC42D.DLL
 0004:00000464       __imp_?OnDDECommand@CWinApp@@UAEHPAD@Z 1000f464     mfc42d:MFC42D.DLL
 0004:00000468       __imp_?WinHelpA@CWinApp@@UAEXKI@Z 1000f468     mfc42d:MFC42D.DLL
 0004:0000046c       __imp_??1CWinApp@@UAE@XZ   1000f46c     mfc42d:MFC42D.DLL
 0004:00000470       __imp_?messageMap@CWinApp@@1UAFX_MSGMAP@@B 1000f470     mfc42d:MFC42D.DLL
 0004:00000474       __imp_?AfxGetInstanceHandle@@YGPAUHINSTANCE__@@XZ 1000f474     mfc42d:MFC42D.DLL
 0004:00000478       __imp_?LoadStringA@CString@@QAEHI@Z 1000f478     mfc42d:MFC42D.DLL
 0004:0000047c       __imp_??H@YG?AVCString@@PBDABV0@@Z 1000f47c     mfc42d:MFC42D.DLL
 0004:00000480       __imp_??2@YAPAXI@Z         1000f480     mfc42d:MFC42D.DLL
 0004:00000484       __imp_??3@YAXPAX@Z         1000f484     mfc42d:MFC42D.DLL
 0004:00000488       __imp_??1CDialog@@UAE@XZ   1000f488     mfc42d:MFC42D.DLL
 0004:0000048c       __imp_??0AFX_MAINTAIN_STATE2@@QAE@PAVAFX_MODULE_STATE@@@Z 1000f48c     mfc42d:MFC42D.DLL
 0004:00000490       __imp_?AfxMessageBox@@YGHPBDII@Z 1000f490     mfc42d:MFC42D.DLL
 0004:00000494       __imp_??1AFX_MAINTAIN_STATE2@@QAE@XZ 1000f494     mfc42d:MFC42D.DLL
 0004:00000498       __imp_??0CFileDialog@@QAE@HPBD0K0PAVCWnd@@@Z 1000f498     mfc42d:MFC42D.DLL
 0004:0000049c       __imp_?DoModal@CFileDialog@@UAEHXZ 1000f49c     mfc42d:MFC42D.DLL
 0004:000004a0       __imp_?GetStartPosition@CFileDialog@@QBEPAU__POSITION@@XZ 1000f4a0     mfc42d:MFC42D.DLL
 0004:000004a4       __imp_?Dump@CWinApp@@UBEXAAVCDumpContext@@@Z 1000f4a4     mfc42d:MFC42D.DLL
 0004:000004a8       __imp_??0CString@@QAE@XZ   1000f4a8     mfc42d:MFC42D.DLL
 0004:000004ac       __imp_??3CNoTrackObject@@SGXPAX@Z 1000f4ac     mfc42d:MFC42D.DLL
 0004:000004b0       __imp_??0AFX_MODULE_STATE@@QAE@HP6GJPAUHWND__@@IIJ@ZK@Z 1000f4b0     mfc42d:MFC42D.DLL
 0004:000004b4       __imp_??0CString@@QAE@PBG@Z 1000f4b4     mfc42d:MFC42D.DLL
 0004:000004b8       __imp_?GetNextPathName@CFileDialog@@QBE?AVCString@@AAPAU__POSITION@@@Z 1000f4b8     mfc42d:MFC42D.DLL
 0004:000004bc       __imp_??4CString@@QAEABV0@ABV0@@Z 1000f4bc     mfc42d:MFC42D.DLL
 0004:000004c0       __imp_??8@YG_NABVCString@@PBD@Z 1000f4c0     mfc42d:MFC42D.DLL
 0004:000004c4       __imp_??BCString@@QBEPBDXZ 1000f4c4     mfc42d:MFC42D.DLL
 0004:000004c8       __imp_?AssertValid@CWinApp@@UBEXXZ 1000f4c8     mfc42d:MFC42D.DLL
 0004:000004cc       __imp_?AfxAssertFailedLine@@YGHPBDH@Z 1000f4cc     mfc42d:MFC42D.DLL
 0004:000004d0       \177MFC42D_NULL_THUNK_DATA 1000f4d0     mfc42d:MFC42D.DLL
 0004:000004d4       __imp_?AfxDllCanUnloadNow@@YGJXZ 1000f4d4     mfco42d:MFCO42D.DLL
 0004:000004d8       \177MFCO42D_NULL_THUNK_DATA 1000f4d8     mfco42d:MFCO42D.DLL
 0004:000004dc       __imp___free_dbg           1000f4dc     msvcrtd:MSVCRTD.dll
 0004:000004e0       __imp___purecall           1000f4e0     msvcrtd:MSVCRTD.dll
 0004:000004e4       __imp___chkesp             1000f4e4     msvcrtd:MSVCRTD.dll
 0004:000004e8       __imp____CxxFrameHandler   1000f4e8     msvcrtd:MSVCRTD.dll
 0004:000004ec       __imp___CrtDbgReport       1000f4ec     msvcrtd:MSVCRTD.dll
 0004:000004f0       __imp__memcpy              1000f4f0     msvcrtd:MSVCRTD.dll
 0004:000004f4       __imp___vsnprintf          1000f4f4     msvcrtd:MSVCRTD.dll
 0004:000004f8       __imp___except_handler3    1000f4f8     msvcrtd:MSVCRTD.dll
 0004:000004fc       __imp_?terminate@@YAXXZ    1000f4fc     msvcrtd:MSVCRTD.dll
 0004:00000500       __imp____dllonexit         1000f500     msvcrtd:MSVCRTD.dll
 0004:00000504       __imp___onexit             1000f504     msvcrtd:MSVCRTD.dll
 0004:00000508       __imp___initterm           1000f508     msvcrtd:MSVCRTD.dll
 0004:0000050c       __imp___malloc_dbg         1000f50c     msvcrtd:MSVCRTD.dll
 0004:00000510       __imp__memcmp              1000f510     msvcrtd:MSVCRTD.dll
 0004:00000514       __imp___adjust_fdiv        1000f514     msvcrtd:MSVCRTD.dll
 0004:00000518       __imp_??1type_info@@UAE@XZ 1000f518     msvcrtd:MSVCRTD.dll
 0004:0000051c       \177MSVCRTD_NULL_THUNK_DATA 1000f51c     msvcrtd:MSVCRTD.dll
 0004:00000520       __imp__LoadRegTypeLib@20   1000f520     oleaut32:OLEAUT32.dll
 0004:00000524       __imp__SysFreeString@4     1000f524     oleaut32:OLEAUT32.dll
 0004:00000528       __imp__LoadTypeLib@8       1000f528     oleaut32:OLEAUT32.dll
 0004:0000052c       __imp__GetErrorInfo@8      1000f52c     oleaut32:OLEAUT32.dll
 0004:00000530       __imp__SysStringLen@4      1000f530     oleaut32:OLEAUT32.dll
 0004:00000534       __imp__RegisterTypeLib@12  1000f534     oleaut32:OLEAUT32.dll
 0004:00000538       __imp__VariantClear@4      1000f538     oleaut32:OLEAUT32.dll
 0004:0000053c       __imp__SysAllocString@4    1000f53c     oleaut32:OLEAUT32.dll
 0004:00000540       __imp__SysAllocStringLen@8 1000f540     oleaut32:OLEAUT32.dll
 0004:00000544       \177OLEAUT32_NULL_THUNK_DATA 1000f544     oleaut32:OLEAUT32.dll
 0004:00000548       __imp__LoadStringA@16      1000f548     user32:USER32.dll
 0004:0000054c       __imp__CharNextA@4         1000f54c     user32:USER32.dll
 0004:00000550       \177USER32_NULL_THUNK_DATA 1000f550     user32:USER32.dll
 0004:00000554       __imp__StringFromCLSID@8   1000f554     ole32:ole32.dll
 0004:00000558       __imp__CoTaskMemFree@4     1000f558     ole32:ole32.dll
 0004:0000055c       __imp__CoCreateInstance@20 1000f55c     ole32:ole32.dll
 0004:00000560       \177ole32_NULL_THUNK_DATA  1000f560     ole32:ole32.dll

 entry point at        0001:00008ca0

 Static symbols

 0001:00004400       _$E151                     10005400 f   FileTool.obj
 0001:00004440       _$E148                     10005440 f   FileTool.obj
 0001:00004480       _$E150                     10005480 f   FileTool.obj
 0001:000044c0       _$E149                     100054c0 f   FileTool.obj
 0001:00007ee0       ?AtlGetDirLen@ATL@@YGIPBG@Z 10008ee0 f   FileTool.obj
 0001:00008450       _$E375                     10009450 f   mfcs42d:dllmodul.obj
 0001:00008460       _$E372                     10009460 f   mfcs42d:dllmodul.obj
 0001:000084f0       _$E374                     100094f0 f   mfcs42d:dllmodul.obj
 0001:00008510       _$E373                     10009510 f   mfcs42d:dllmodul.obj
 0001:00008a50       ?ArrayUnwindFilter@@YAHPAU_EXCEPTION_POINTERS@@@Z 10009a50 f   msvcrtd:ehvecdtr.obj
 0001:000088e0       _$$$00001                  100098e0 f   msvcrtd:chkstk.obj
 0001:000088ec       probepages                 100098ec f   msvcrtd:chkstk.obj
 0001:00008900       lastpage                   10009900 f   msvcrtd:chkstk.obj

FIXUPS: 9dde fffffe40 e0 1e 1e 1d fffffdf7 1a ffffffa0 fffffea4 7f 47 fffffc14
FIXUPS: 96b0 20 9 13 10 1e 15 15 7 8 19 b e 8 7 5 c 15 5 b e 8 7 9 8 4c
FIXUPS: 9851 13 f 16 542 ffffa124 19 627d a b ffff9dcc 21 7a 10 5443 5
FIXUPS: 9469 1e 24 13 1d 1e 20 2b 1c 12 f32 b fffff11c 5 1e 9 a 28 1c 10
FIXUPS: 966e ffffa206 32 d b7 d 7f 1c 3f d ac d 62 57 31 1a 655b ffff9af8
FIXUPS: 3c97 23 5d 46 37 6c 10 17 1a c 14 13 10 3e f fffff687 15 f 1c 15
FIXUPS: 35b9 c 9 6 c 9 8 9 8 12 c 15 f 14 13 1a 6abf 9 9 b ffff95a3 10
FIXUPS: 375a d 7f 1c 54 fffff711 1b 12 72 13 4c 32 17 37 3d 68 6 5b 20
FIXUPS: 3247 d 41 13 3d 44 13 4e 16 13 13 13 38 d 76 1d 35 37 fffff3cc
FIXUPS: 295e d 99 18 6c 1b 2c 10 32 d 3f 10 90 30 15 14 16 6b d 48 34 37
FIXUPS: 2da7 45 d 38 2e 33 3d 21 18 fffff3bf 4b d 54 d 55 10 45 d 4f 1e
FIXUPS: 24f5 10 45 d 7f 1e 76 d 4f 1e 37 d 5d 10 45 d 4f 1e 38 10 40 fffff6ff
FIXUPS: 1fea f f f 1c f f f f 19 f 20 800d c c c c c c c c b ffff7fe1 10
FIXUPS: 216a d 7f 1c 34 d 67 fffff9aa 9 1e 4f 14 11 11 f 1c 1d 19 f f f
FIXUPS: 1db4 c 14 11 2a 28 f d b be c 21 c 1f 15 1b 19 f fffffa99 10 e
FIXUPS: 1ab6 1b 34 22 c f 20 8492 9 9 9 c c c c c c c c c c b ffff7b21
FIXUPS: 1bc2 17 84cb b ffff7b62 d fffffb67 2a 28 f 11 72 c 21 c 1f 12 18
FIXUPS: 1904 f f f f f f c c f 1b 14 f f f f f f 10 20 fffffaed 4f 14 11
FIXUPS: 15ad 8 1f 17 19 f c c f 13 c f f e 1f 1b 19 f f f c c f 16 c f
FIXUPS: 176c c fffff9e9 9b 26 27 17 8d73 b ffff72b6 d 73 9 27 1b d b 30
FIXUPS: 13bf 31 16 c 1c 17 16 f 13 9 12 1f 17 16 c f 3978 d 31 d 33 d ad
FIXUPS: 4fe9 21 13 52 3a 2e 28 3f 3f 2d 2e 3a 114 19 ffffbce2 b 23 32 10
FIXUPS: 10c1 b 10 35 10 30 3920 13 13 6c a f 17 5751 b ffffa8d0 d 33 25
FIXUPS: 4be0 34 d 35 a d 89 15 d 4e 15 d 3e 1a 21 54a3 b ffffab88 d 537b
FIXUPS: a1c8 9 9 9 9 9 9 9 9 9 9 9 b ffffa638 9 22 20 1a 5971 b ffffa6e9
FIXUPS: 4960 20 44 b b e 22 35 5826 c ffffa306 1b 9 17 1b d b 30 18 31
FIXUPS: 4690 c c c f 29 19 1b d b 30 18 31 18 c c c 21 20 5976 9 9 ffffa0fb
FIXUPS: 42cc d b 30 18 31 2f c c c f 26 19 1b d b 30 18 31 18 c c c f e
FIXUPS: 4514 25 c 8 9 11 4cb4 16 17 2c c f ffffadc5 9 2b 28 1d 1b f 1f
FIXUPS: 412d 1b d b 30 18 31 1b e 11 25 c 8 9 11 10 1b 9 4adc c 9 e 11
FIXUPS: 8db7 f 1b 9 e 18 f 20 1645 9 b ffffea0f 12 10 56 2d 50 aa a d 85
FIXUPS: 9113 15 27 13 68 31 fffff61d 1a 1c32 9 b ffffe432 d 4f 1c 54 1e
FIXUPS: 89f7 56 2e 31 14 1a 23 2e 15 1a 2c 41 5f 2e 15 1a 2c 1b 4d d 43
FIXUPS: 83f7 4f 1c 54 1e 2f d 4f 4a 3a 24 2c 17 1a 11 c 16 f 3b f c 9 e
FIXUPS: 872e 16 21 21 37 16 e 16 12 fffff78a 2b 30 17 1a 27 c 27 13 37
FIXUPS: 80d8 3c 23 10 1e 1f 64 16 32 20 16 1e 29 16 2f 20 16 24 1d 20db
FIXUPS: a44f ffffdf9b fffff545 4c 5a 16 16 67 d 17 93 4a 5d 2a 2b 19 2b
FIXUPS: 7c71 30 4e 4a 4a 1b d 1e 16 16 2e 18 62 18 f 4b 4a fffff616 10
FIXUPS: 759d 10 17 28 14 14 1b 9 10 13 16 2d93 b ffffd2c7 21 55 1e 21 3c
FIXUPS: 77da 21 19 c 15 20 2bcf b ffffd477 25 d fffff83a 14 1a 29 23 25
FIXUPS: 71d2 32 c 27 16 16 1a 2a 19 40 5c 12 16 3043 b ffffd04f 25 17 13
FIXUPS: 7486 3e 1a 2f06 b ffffd14e 14 fffff620 d 7f 1c 5b 34 11 2e 24 6e
FIXUPS: 6d8d 26 19 18 1a 35a6 b ffffcaa5 44 1f 1b 52 39 1f 25 d 49 17 d
FIXUPS: 70a8 22 1a fffff5c9 f 17 3cb1 b ffffc370 d 33 25 1c 34 d 35 a d
FIXUPS: 6889 d 36 d 43 d 67 16 12 3a d 6b d 3f d 3b d fffff7a7 22 4a b
FIXUPS: 6334 e 22 25 26 3f96 c ffffc0c0 b 19 44 d 2b 13 13 3a 10 45 1a
FIXUPS: 65a1 3dc3 b ffffc262 b 19 2c 19 69 fffff88f 16 13 36 13 13 4f 12
FIXUPS: 6042 42c2 b ffffbd94 f f 17 424c c b ffffbdc4 b 16 b 10 34 b 14
FIXUPS: 61b0 1e 10 36 d 69 fffff764 b 16 f 17 488f b ffffb7db d 4f 1c 54
FIXUPS: 5b94 33 d 48 34 39 10 101 28 22 47 b b e 22 25 26 4429 c ffffbc20
FIXUPS: 56f7 e 22 10 28 9 15 17 19 17 42 28 14 14 1a 9 11 a a e 8 13 41
FIXUPS: 5910 39 9 13 e 10 3e f 12 fffff999 b d 86 5 d 33 d 33 10 30 d 36
FIXUPS: 552e 35 19 35 13 10 3d 8 d 2d 8 d 21 9 16 b 10 26 9
